
> nilahub@1.0.0 build
> cross-env CI=false react-scripts build

node.exe : (node:31568) [DEP0176] DeprecationWarning: fs.F_OK is deprecated, 
use fs.constants.F_OK instead
At line:1 char:1
+ & "C:\Program Files\nodejs/node.exe" "C:\Program Files\nodejs/node_mo ...
+ ~~~~~~~~~~~~~~~~~~~~~~~~~~~~~~~~~~~~~~~~~~~~~~~~~~~~~~~~~~~~~~~~~~~~~
    + CategoryInfo          : NotSpecified: ((node:31568) [D...ts.F_OK instead 
   :String) [], RemoteException
    + FullyQualifiedErrorId : NativeCommandError
 
(Use `node --trace-deprecation ...` to show where the warning was created)
Creating an optimized production build...
Compiled with warnings.

[eslint] 
src\contexts\AppContext.js
  Line 1083:9:  'getSellerRating' is assigned a value but never used  no-unused-vars

src\index.js
  Line 1:17:  'useEffect' is defined but never used  no-unused-vars

src\modules\classifieds\AdvancedReporting.js
  Line 5:10:  'selectedMetric' is assigned a value but never used     no-unused-vars
  Line 5:26:  'setSelectedMetric' is assigned a value but never used  no-unused-vars

src\modules\classifieds\AutoRelist.js
  Line 12:26:  'setCurrentRelists' is assigned a value but never used  no-unused-vars
  Line 17:25:  'setRelistHistory' is assigned a value but never used   no-unused-vars

src\modules\classifieds\BulkImport.js
  Line 13:10:  'isImporting' is assigned a value but never used  no-unused-vars

src\modules\classifieds\CategoryForms.js
  Line 1:27:  'useMemo' is defined but never used  no-unused-vars

src\modules\classifieds\Classifieds.js
  Line 7:8:     'ResponseTimeBadge' is defined but never used                                                                                                                       no-unused-vars
  Line 255:36:  'setSelectedListingForRelist' is assigned a value but never used                                                                                                    no-unused-vars
  Line 474:6:   React Hook useEffect has missing dependencies: 'getClassifiedSavedSearches' and 'getRecentlyViewedClassifieds'. Either include them or remove the dependency array  react-hooks/exhaustive-deps
  Line 813:6:   React Hook useEffect has a missing dependency: 'trackClassifiedListingView'. Either include it or remove the dependency array                                       react-hooks/exhaustive-deps

src\modules\classifieds\ImageLightbox.js
  Line 77:11:  Redundant alt attribute. Screen-readers already announce `img` tags as an image. You donΓÇÖt need to use the words `image`, `photo,` or `picture` (or any specified custom words) in the alt prop  jsx-a11y/img-redundant-alt

src\modules\classifieds\QuickDuplicate.js
  Line 27:10:  'selectedTemplate' is assigned a value but never used  no-unused-vars

src\modules\classifieds\ScheduledPosting.js
  Line 17:10:  'selectedSchedule' is assigned a value but never used  no-unused-vars

src\modules\ecommerce\CartPage.js
  Line 8:3:     'formatCountdown' is defined but never used                                                                                                                                                                                                                           no-unused-vars
  Line 10:3:    'isValidGSTIN' is defined but never used                                                                                                                                                                                                                              no-unused-vars
  Line 18:3:    'requestNotificationPermission' is defined but never used                                                                                                                                                                                                             no-unused-vars
  Line 19:3:    'showServiceWorkerNotification' is defined but never used                                                                                                                                                                                                             no-unused-vars
  Line 118:5:   'paymentSecurityConfig' is assigned a value but never used                                                                                                                                                                                                            no-unused-vars
  Line 150:10:  'notificationPermission' is assigned a value but never used                                                                                                                                                                                                           no-unused-vars
  Line 150:34:  'setNotificationPermission' is assigned a value but never used                                                                                                                                                                                                        no-unused-vars
  Line 153:10:  'liveNow' is assigned a value but never used                                                                                                                                                                                                                          no-unused-vars
  Line 153:19:  'setLiveNow' is assigned a value but never used                                                                                                                                                                                                                       no-unused-vars
  Line 193:9:   The 'buildOrderPayload' function makes the dependencies of useCallback Hook (at line 557) change on every render. Move it inside the useCallback callback. Alternatively, wrap the definition of 'buildOrderPayload' in its own useCallback() Hook                    react-hooks/exhaustive-deps
  Line 230:9:   The 'validateAddressFormForSave' function makes the dependencies of useCallback Hook (at line 466) change on every render. Move it inside the useCallback callback. Alternatively, wrap the definition of 'validateAddressFormForSave' in its own useCallback() Hook  react-hooks/exhaustive-deps
  Line 258:9:   The 'validateDeliveryForm' function makes the dependencies of useCallback Hook (at line 557) change on every render. Move it inside the useCallback callback. Alternatively, wrap the definition of 'validateDeliveryForm' in its own useCallback() Hook              react-hooks/exhaustive-deps

src\modules\ecommerce\Ecommerce.js
  Line 394:9:  The 'visibleFavorites' logical expression could make the dependencies of useMemo Hook (at line 426) change on every render. To fix this, wrap the initialization of 'visibleFavorites' in its own useMemo() Hook  react-hooks/exhaustive-deps
  Line 394:9:  The 'visibleFavorites' logical expression could make the dependencies of useMemo Hook (at line 437) change on every render. To fix this, wrap the initialization of 'visibleFavorites' in its own useMemo() Hook  react-hooks/exhaustive-deps
  Line 583:5:  React Hook useMemo has a missing dependency: 'applyMarketplaceFilters'. Either include it or remove the dependency array                                                                                          react-hooks/exhaustive-deps

src\modules\ecommerce\ProductCard.js
  Line 120:6:  React Hook useCallback has a missing dependency: 'product'. Either include it or remove the dependency array  react-hooks/exhaustive-deps

src\modules\ecommerce\VendorSettlement.js
  Line 7:20:  'currentUser' is assigned a value but never used  no-unused-vars

src\modules\localmarket\LocalMarket.js
  Line 13:7:    'SHOP_CATEGORIES' is assigned a value but never used        no-unused-vars
  Line 26:7:    'ORDER_STATUSES' is assigned a value but never used         no-unused-vars
  Line 27:7:    'REJECTED_ORDER_STATUS' is assigned a value but never used  no-unused-vars
  Line 36:7:    'SUPPORTED_LANGUAGES' is assigned a value but never used    no-unused-vars
  Line 37:7:    'INTEGRATIONS' is assigned a value but never used           no-unused-vars
  Line 38:7:    'DATABASE_TABLES' is assigned a value but never used        no-unused-vars
  Line 231:7:   'DEFAULT_CART_ITEM' is assigned a value but never used      no-unused-vars
  Line 249:29:  'mockData' is assigned a value but never used               no-unused-vars
  Line 260:10:  'showOrderHistory' is assigned a value but never used       no-unused-vars
  Line 260:28:  'setShowOrderHistory' is assigned a value but never used    no-unused-vars
  Line 271:10:  'shopOrders' is assigned a value but never used             no-unused-vars
  Line 272:10:  'filterStatus' is assigned a value but never used           no-unused-vars
  Line 272:24:  'setFilterStatus' is assigned a value but never used        no-unused-vars

src\modules\maps\DriverMap.js
  Line 142:6:  React Hook useEffect has a missing dependency: 'map'. Either include it or remove the dependency array  react-hooks/exhaustive-deps

src\modules\matrimonial\BlueTickBadge.js
  Line 7:11:  'currentUser' is assigned a value but never used                                                                        no-unused-vars
  Line 19:6:  React Hook useEffect has a missing dependency: 'checkBlueTickStatus'. Either include it or remove the dependency array  react-hooks/exhaustive-deps

src\modules\matrimonial\HoroscopeMatching.js
  Line 7:11:   'currentUser' is assigned a value but never used                                                                           no-unused-vars
  Line 17:6:   React Hook useEffect has a missing dependency: 'calculateCompatibility'. Either include it or remove the dependency array  react-hooks/exhaustive-deps
  Line 73:36:  'compatibilityLevel' is assigned a value but never used                                                                    no-unused-vars

src\modules\matrimonial\KYCVerification.js
  Line 7:11:  'currentUser' is assigned a value but never used  no-unused-vars

src\modules\matrimonial\Matrimonial.js
  Line 1:1:    Unexpected Unicode BOM (Byte Order Mark)    unicode-bom
  Line 36:13:  'matrimonialAPI' is defined but never used  no-unused-vars

src\modules\matrimonial\PaymentGateway.js
  Line 11:10:  'orderId' is assigned a value but never used         no-unused-vars
  Line 12:10:  'paymentSession' is assigned a value but never used  no-unused-vars

src\modules\matrimonial\SubscriptionManagement.js
  Line 7:11:    'currentUser' is assigned a value but never used                                                                      no-unused-vars
  Line 91:6:    React Hook useEffect has a missing dependency: 'subscriptionTiers'. Either include it or remove the dependency array  react-hooks/exhaustive-deps
  Line 173:13:  'response' is assigned a value but never used                                                                         no-unused-vars

src\modules\messaging\ChatroomBrowser.js
  Line 24:6:  React Hook useEffect has a missing dependency: 'loadMyRooms'. Either include it or remove the dependency array  react-hooks/exhaustive-deps

src\modules\messaging\GroupCreation.js
  Line 23:6:  React Hook useEffect has a missing dependency: 'loadBlockedContacts'. Either include it or remove the dependency array  react-hooks/exhaustive-deps

src\modules\messaging\ScheduledBlockManager.js
  Line 25:6:  React Hook useEffect has a missing dependency: 'loadScheduledBlocks'. Either include it or remove the dependency array  react-hooks/exhaustive-deps

src\modules\personaldiary\AIInsights.js
  Line 92:6:  React Hook useEffect has missing dependencies: 'fetchActionItems' and 'fetchSummary'. Either include them or remove the dependency array  react-hooks/exhaustive-deps

src\modules\personaldiary\AppLockSettings.js
  Line 5:3:  'verifyAppLockPin' is defined but never used  no-unused-vars

src\modules\personaldiary\AutosaveRecoveryModal.js
  Line 1:38:  'useCallback' is defined but never used  no-unused-vars

src\modules\personaldiary\Diary.js
  Line 17:3:    'getAppLockStatus' is defined but never used                                                                                               no-unused-vars
  Line 19:3:    'getEncryptionStatus' is defined but never used                                                                                            no-unused-vars
  Line 45:3:    'stripHtml' is defined but never used                                                                                                      no-unused-vars
  Line 64:10:   'upcomingReminders' is assigned a value but never used                                                                                     no-unused-vars
  Line 93:27:   'setAnalyticsPeriod' is assigned a value but never used                                                                                    no-unused-vars
  Line 97:27:   'setAiSummaryPeriod' is assigned a value but never used                                                                                    no-unused-vars
  Line 121:6:   React Hook useEffect has missing dependencies: 'loadEntries' and 'setupNotifications'. Either include them or remove the dependency array  react-hooks/exhaustive-deps
  Line 240:48:  Unexpected whitespace after spread operator                                                                                                rest-spread-spacing
  Line 255:6:   React Hook useEffect has a missing dependency: 'loadEntries'. Either include it or remove the dependency array                             react-hooks/exhaustive-deps

src\modules\personaldiary\DiaryAnalyticsDashboard.js
  Line 2:8:  'diaryService' is defined but never used  no-unused-vars

src\modules\personaldiary\DiaryEditor.js
  Line 6:3:     'getPlainTextLength' is defined but never used                                                                    no-unused-vars
  Line 97:9:    'quillRef' is assigned a value but never used                                                                     no-unused-vars
  Line 125:29:  React Hook useCallback received a function whose dependencies are unknown. Pass an inline function instead        react-hooks/exhaustive-deps
  Line 165:6:   React Hook useEffect has a missing dependency: 'handleSubmit'. Either include it or remove the dependency array   react-hooks/exhaustive-deps
  Line 258:6:   React Hook useEffect has a missing dependency: 'fetchVersions'. Either include it or remove the dependency array  react-hooks/exhaustive-deps

src\modules\personaldiary\DiffViewer.js
  Line 48:9:  'toggleLineExpanded' is assigned a value but never used  no-unused-vars

src\modules\personaldiary\TodaysSummary.js
  Line 5:10:  'stripHtml' is defined but never used       no-unused-vars
  Line 5:35:  'formatDateTime' is defined but never used  no-unused-vars

src\modules\personaldiary\TrashBin.js
  Line 15:6:  React Hook useEffect has a missing dependency: 'fetchTrash'. Either include it or remove the dependency array  react-hooks/exhaustive-deps

src\modules\personaldiary\VersionComments.js
  Line 1:38:  'useCallback' is defined but never used  no-unused-vars

src\modules\personaldiary\VersionHistory.js
  Line 14:6:  React Hook useEffect has a missing dependency: 'fetchVersions'. Either include it or remove the dependency array  react-hooks/exhaustive-deps

src\modules\personaldiary\VersionHistoryTimeline.js
  Line 1:27:  'useEffect' is defined but never used    no-unused-vars
  Line 1:38:  'useCallback' is defined but never used  no-unused-vars

src\modules\personaldiary\VersionTags.js
  Line 1:38:  'useCallback' is defined but never used  no-unused-vars

src\modules\quicklinks\QuickLinks.js
  Line 1:27:  'useCallback' is defined but never used  no-unused-vars

src\modules\reminderalert\components\ReminderCard.js
  Line 71:7:  The element article has an implicit role of article. Defining this explicitly is redundant and should be avoided  jsx-a11y/no-redundant-roles

src\modules\reminderalert\components\ReminderForm.js
  Line 1:27:  'useCallback' is defined but never used  no-unused-vars

src\modules\reminderalert\components\ReminderList.js
  Line 1:17:  'useCallback' is defined but never used  no-unused-vars

src\modules\ridesharing\RideSharing.js
  Line 4:8:  'rideSharingService' is defined but never used  no-unused-vars

src\modules\socialmedia\components\ForYouFeed.js
  Line 48:21:  'currentUser' is assigned a value but never used     no-unused-vars
  Line 52:23:  'setUserProfile' is assigned a value but never used  no-unused-vars

src\modules\socialmedia\components\Polls.js
  Line 6:11:  'currentUser' is assigned a value but never used  no-unused-vars

src\modules\socialmedia\components\PostCard.js
  Line 26:9:  'isOnline' is assigned a value but never used  no-unused-vars
  Line 27:9:  'isTyping' is assigned a value but never used  no-unused-vars

src\modules\support\Support.js
  Line 16:10:  'stats' is assigned a value but never used     no-unused-vars
  Line 16:17:  'setStats' is assigned a value but never used  no-unused-vars

src\modules\support\TicketDetails.js
  Line 12:10:  'showFeedback' is assigned a value but never used  no-unused-vars

src\pwaConfig.js
  Line 134:1:  Assign object to a variable before exporting as module default  import/no-anonymous-default-export

src\services\diaryService.js
  Line 1094:1:  Assign object to a variable before exporting as module default  import/no-anonymous-default-export

src\services\foodDeliveryService.js
  Line 301:1:  Assign object to a variable before exporting as module default  import/no-anonymous-default-export

src\services\notificationService.js
  Line 107:7:  'onNotificationClick' is assigned a value but never used  no-unused-vars

src\services\rideSharingService.js
  Line 11:1:  Assign object to a variable before exporting as module default  import/no-anonymous-default-export

src\utils\xssProtection.js
  Line 52:31:  Script URL is a form of eval  no-script-url

Search for the keywords to learn more about each warning.
To ignore, add // eslint-disable-next-line to the line before.

File sizes after gzip:

  143.53 kB  build\static\js\main.43e22db1.js
  52.44 kB   build\static\js\502.4dc8b971.chunk.js
  32.83 kB   build\static\js\626.cf55a00c.chunk.js
  32.06 kB   build\static\js\109.96531b64.chunk.js
  28.88 kB   build\static\js\906.51ad88a5.chunk.js
  23.61 kB   build\static\js\717.db936535.chunk.js
  20.91 kB   build\static\js\790.0f7466c5.chunk.js
  16.11 kB   build\static\js\426.20e901ea.chunk.js
  14.71 kB   build\static\js\349.9c05d90a.chunk.js
  14.57 kB   build\static\css\906.fc985699.chunk.css
  13.55 kB   build\static\css\109.ee92ce42.chunk.css
  12.99 kB   build\static\css\626.e6588533.chunk.css
  11.64 kB   build\static\js\558.258b307e.chunk.js
  10.35 kB   build\static\js\753.74714912.chunk.js
  8.33 kB    build\static\js\538.e098b5c0.chunk.js
  8.09 kB    build\static\js\270.012e3337.chunk.js
  7.11 kB    build\static\js\276.7ee76b7e.chunk.js
  6.9 kB     build\static\css\349.2d23dd88.chunk.css
  6.74 kB    build\static\css\99.b6230d30.chunk.css
  6.08 kB    build\static\css\main.a8e6e58c.css
  5.61 kB    build\static\css\426.61b566ab.chunk.css
  5.47 kB    build\static\js\392.7fd40ba7.chunk.js
  5.37 kB    build\static\js\757.64286318.chunk.js
  5.02 kB    build\static\css\790.36326740.chunk.css
  5.02 kB    build\static\js\160.7abcf567.chunk.js
  4.8 kB     build\static\js\178.742151f3.chunk.js
  3.73 kB    build\static\js\524.44b757a1.chunk.js
  3.55 kB    build\static\js\38.f0006325.chunk.js
  3.5 kB     build\static\css\502.dec4c112.chunk.css
  3.44 kB    build\static\js\915.2a2960d7.chunk.js
  2.89 kB    build\static\css\538.8a5551d5.chunk.css
  2.84 kB    build\static\js\61.60959abc.chunk.js
  2.68 kB    build\static\css\392.06eb5c72.chunk.css
  2.62 kB    build\static\css\717.2ccf9f5c.chunk.css
  2.58 kB    build\static\css\524.ab8f6045.chunk.css
  2.4 kB     build\static\css\160.03039711.chunk.css
  2.25 kB    build\static\css\270.d1e34705.chunk.css
  2.23 kB    build\static\js\927.3ba66d38.chunk.js
  2.18 kB    build\static\css\558.5dd89c20.chunk.css
  2.11 kB    build\static\css\753.ade7eb8a.chunk.css
  1.84 kB    build\static\css\757.ed49a6f7.chunk.css
  1.82 kB    build\static\css\178.a134899d.chunk.css
  1.76 kB    build\static\js\453.51e0a63a.chunk.js
  1.56 kB    build\static\js\53.14583e2a.chunk.js
  1.27 kB    build\static\css\53.ce878af5.chunk.css
  812 B      build\static\css\927.9c0d3ea9.chunk.css

The project was built assuming it is hosted at /.
You can control this with the homepage field in your package.json.

The build folder is ready to be deployed.
You may serve it with a static server:

  npm install -g serve
  serve -s build

Find out more about deployment here:

  https://cra.link/deployment

