#
# There is insufficient memory for the Java Runtime Environment to continue.
# Native memory allocation (malloc) failed to allocate 1048576 bytes. Error detail: AllocateHeap
# Possible reasons:
#   The system is out of physical RAM or swap space
#   This process is running with CompressedOops enabled, and the Java Heap may be blocking the growth of the native heap
# Possible solutions:
#   Reduce memory load on the system
#   Increase physical memory or swap space
#   Check if swap backing store is full
#   Decrease Java heap size (-Xmx/-Xms)
#   Decrease number of Java threads
#   Decrease Java thread stack sizes (-Xss)
#   Set larger code cache with -XX:ReservedCodeCacheSize=
#   JVM is running with Unscaled Compressed Oops mode in which the Java heap is
#     placed in the first 4GB address space. The Java Heap base address is the
#     maximum limit for the native heap growth. Please use -XX:HeapBaseMinAddress
#     to set the Java Heap base and to place the Java Heap above 4GB virtual address.
# This output file may be truncated or incomplete.
#
#  Out of Memory Error (allocation.cpp:44), pid=19928, tid=22632
#
# JRE version: OpenJDK Runtime Environment Temurin-21.0.10+7 (21.0.10+7) (build 21.0.10+7-LTS)
# Java VM: OpenJDK 64-Bit Server VM Temurin-21.0.10+7 (21.0.10+7-LTS, mixed mode, sharing, tiered, compressed oops, compressed class ptrs, parallel gc, windows-amd64)
# No core dump will be written. Minidumps are not enabled by default on client versions of Windows
#

---------------  S U M M A R Y ------------

Command Line: --add-modules=ALL-SYSTEM --add-opens=java.base/java.util=ALL-UNNAMED --add-opens=java.base/java.lang=ALL-UNNAMED --add-opens=java.base/sun.nio.fs=ALL-UNNAMED -Declipse.application=org.eclipse.jdt.ls.core.id1 -Dosgi.bundles.defaultStartLevel=4 -Declipse.product=org.eclipse.jdt.ls.core.product -Djava.import.generatesMetadataFilesAtProjectRoot=false -DDetectVMInstallationsJob.disabled=true -Dfile.encoding=utf8 -XX:+UseParallelGC -XX:GCTimeRatio=4 -XX:AdaptiveSizePolicyWeight=90 -Dsun.zip.disableMemoryMapping=true -Xmx2G -Xms100m -Xlog:disable -javaagent:c:\Users\Dhanya\.vscode\extensions\redhat.java-1.54.0-win32-x64\lombok\lombok-1.18.39-4050.jar -XX:+HeapDumpOnOutOfMemoryError -XX:HeapDumpPath=c:\Users\Dhanya\AppData\Roaming\Code\User\workspaceStorage\28786d956826ddb7e8b0ea889825a03a\redhat.java -Daether.dependencyCollector.impl=bf c:\Users\Dhanya\.vscode\extensions\redhat.java-1.54.0-win32-x64\server\plugins\org.eclipse.equinox.launcher_1.7.100.v20251111-0406.jar -configuration c:\Users\Dhanya\AppData\Roaming\Code\User\globalStorage\redhat.java\1.54.0\config_win -data c:\Users\Dhanya\AppData\Roaming\Code\User\workspaceStorage\28786d956826ddb7e8b0ea889825a03a\redhat.java\jdt_ws --pipe=\\.\pipe\lsp-6e5ec8673d79cd43abca26395e3be4f0-sock

Host: AMD Ryzen 5 5625U with Radeon Graphics         , 12 cores, 15G,  Windows 11 , 64 bit Build 26100 (10.0.26100.8328)
Time: Mon May 18 23:51:26 2026 India Standard Time elapsed time: 84971.755503 seconds (0d 23h 36m 11s)

---------------  T H R E A D  ---------------

Current thread (0x000001d3afe69270):  JavaThread "Attach Listener" daemon [_thread_in_vm, id=22632, stack(0x0000000613400000,0x0000000613500000) (1024K)]

Stack: [0x0000000613400000,0x0000000613500000]
Native frames: (J=compiled Java code, j=interpreted, Vv=VM code, C=native code)
V  [jvm.dll+0x6d7a39]
V  [jvm.dll+0x8b4b26]
V  [jvm.dll+0x8b70de]
V  [jvm.dll+0x8b77c3]
V  [jvm.dll+0x284346]
V  [jvm.dll+0xc1277]
V  [jvm.dll+0x6d82e9]
V  [jvm.dll+0x1334a6]
V  [jvm.dll+0x3f857e]
V  [jvm.dll+0x85f59d]
V  [jvm.dll+0x6d626d]
C  [ucrtbase.dll+0x37b0]
C  [KERNEL32.DLL+0x2e957]
C  [ntdll.dll+0x427c]


---------------  P R O C E S S  ---------------

Threads class SMR info:
_java_thread_list=0x000001d412745f70, length=50, elements={
0x000001d3afdc1980, 0x000001d3afd6e830, 0x000001d3afe61b90, 0x000001d3afe66700,
0x000001d3afe69270, 0x000001d3afe69cd0, 0x000001d3afe6e1d0, 0x000001d3afe75bf0,
0x000001d3afe79640, 0x000001d408e6c2b0, 0x000001d408f329e0, 0x000001d40e9cc760,
0x000001d40e1a4c00, 0x000001d408fb2620, 0x000001d40e9a87c0, 0x000001d40e774fe0,
0x000001d40e304cb0, 0x000001d40eff4680, 0x000001d40ec08110, 0x000001d40ec073f0,
0x000001d40f4c3940, 0x000001d40f4c4660, 0x000001d40f4c11e0, 0x000001d40f4c3fd0,
0x000001d40f4c4cf0, 0x000001d40f4c1870, 0x000001d40f4c6730, 0x000001d40f4c7450,
0x000001d40f4c6dc0, 0x000001d40f4c7ae0, 0x000001d40f4c8170, 0x000001d40f4c8800,
0x000001d40f4c5380, 0x000001d40f4c5a10, 0x000001d40f4c60a0, 0x000001d4100662e0,
0x000001d410067690, 0x000001d410067d20, 0x000001d410066970, 0x000001d410065c50,
0x000001d410064210, 0x000001d4100655c0, 0x000001d4100690d0, 0x000001d410069760,
0x000001d410069df0, 0x000001d41006b1a0, 0x000001d41006b830, 0x000001d410067000,
0x000001d412245cb0, 0x000001d412242830
}

Java Threads: ( => current thread )
  0x000001d3afdc1980 JavaThread "main"                              [_thread_blocked, id=23420, stack(0x0000000612d00000,0x0000000612e00000) (1024K)]
  0x000001d3afd6e830 JavaThread "Reference Handler"          daemon [_thread_blocked, id=25744, stack(0x0000000613100000,0x0000000613200000) (1024K)]
  0x000001d3afe61b90 JavaThread "Finalizer"                  daemon [_thread_blocked, id=26804, stack(0x0000000613200000,0x0000000613300000) (1024K)]
  0x000001d3afe66700 JavaThread "Signal Dispatcher"          daemon [_thread_blocked, id=15156, stack(0x0000000613300000,0x0000000613400000) (1024K)]
=>0x000001d3afe69270 JavaThread "Attach Listener"            daemon [_thread_in_vm, id=22632, stack(0x0000000613400000,0x0000000613500000) (1024K)]
  0x000001d3afe69cd0 JavaThread "Service Thread"             daemon [_thread_blocked, id=15868, stack(0x0000000613500000,0x0000000613600000) (1024K)]
  0x000001d3afe6e1d0 JavaThread "Monitor Deflation Thread"   daemon [_thread_blocked, id=21156, stack(0x0000000613600000,0x0000000613700000) (1024K)]
  0x000001d3afe75bf0 JavaThread "C2 CompilerThread0"         daemon [_thread_blocked, id=23568, stack(0x0000000613700000,0x0000000613800000) (1024K)]
  0x000001d3afe79640 JavaThread "C1 CompilerThread0"         daemon [_thread_blocked, id=4840, stack(0x0000000613800000,0x0000000613900000) (1024K)]
  0x000001d408e6c2b0 JavaThread "Common-Cleaner"             daemon [_thread_blocked, id=25944, stack(0x0000000613900000,0x0000000613a00000) (1024K)]
  0x000001d408f329e0 JavaThread "Notification Thread"        daemon [_thread_blocked, id=17916, stack(0x0000000613a00000,0x0000000613b00000) (1024K)]
  0x000001d40e9cc760 JavaThread "Active Thread: Equinox Container: 56a3576c-0591-4044-af6c-d567bdf6dacb"        [_thread_blocked, id=2088, stack(0x0000000613c00000,0x0000000613d00000) (1024K)]
  0x000001d40e1a4c00 JavaThread "Refresh Thread: Equinox Container: 56a3576c-0591-4044-af6c-d567bdf6dacb" daemon [_thread_blocked, id=5948, stack(0x0000000614400000,0x0000000614500000) (1024K)]
  0x000001d408fb2620 JavaThread "Framework Event Dispatcher: Equinox Container: 56a3576c-0591-4044-af6c-d567bdf6dacb" daemon [_thread_blocked, id=8928, stack(0x0000000614500000,0x0000000614600000) (1024K)]
  0x000001d40e9a87c0 JavaThread "Start Level: Equinox Container: 56a3576c-0591-4044-af6c-d567bdf6dacb" daemon [_thread_blocked, id=23584, stack(0x0000000614600000,0x0000000614700000) (1024K)]
  0x000001d40e774fe0 JavaThread "Bundle File Closer"         daemon [_thread_blocked, id=27204, stack(0x0000000614900000,0x0000000614a00000) (1024K)]
  0x000001d40e304cb0 JavaThread "SCR Component Actor"        daemon [_thread_blocked, id=26700, stack(0x0000000614a00000,0x0000000614b00000) (1024K)]
  0x000001d40eff4680 JavaThread "Worker-JM"                         [_thread_blocked, id=25756, stack(0x0000000614d00000,0x0000000614e00000) (1024K)]
  0x000001d40ec08110 JavaThread "JNA Cleaner"                daemon [_thread_blocked, id=26364, stack(0x0000000614b00000,0x0000000614c00000) (1024K)]
  0x000001d40ec073f0 JavaThread "Worker-1"                          [_thread_blocked, id=27312, stack(0x0000000614e00000,0x0000000614f00000) (1024K)]
  0x000001d40f4c3940 JavaThread "Java indexing"              daemon [_thread_blocked, id=13148, stack(0x0000000615300000,0x0000000615400000) (1024K)]
  0x000001d40f4c4660 JavaThread "Timer-0"                           [_thread_blocked, id=12244, stack(0x0000000615700000,0x0000000615800000) (1024K)]
  0x000001d40f4c11e0 JavaThread "Timer-1"                           [_thread_blocked, id=13464, stack(0x0000000615800000,0x0000000615900000) (1024K)]
  0x000001d40f4c3fd0 JavaThread "Thread-3"                   daemon [_thread_in_native, id=26448, stack(0x0000000615900000,0x0000000615a00000) (1024K)]
  0x000001d40f4c4cf0 JavaThread "Thread-4"                   daemon [_thread_in_native, id=1180, stack(0x0000000615a00000,0x0000000615b00000) (1024K)]
  0x000001d40f4c1870 JavaThread "Thread-5"                   daemon [_thread_in_native, id=15964, stack(0x0000000615b00000,0x0000000615c00000) (1024K)]
  0x000001d40f4c6730 JavaThread "Thread-6"                   daemon [_thread_in_native, id=3548, stack(0x0000000615c00000,0x0000000615d00000) (1024K)]
  0x000001d40f4c7450 JavaThread "Thread-7"                   daemon [_thread_in_native, id=9436, stack(0x0000000615d00000,0x0000000615e00000) (1024K)]
  0x000001d40f4c6dc0 JavaThread "Thread-8"                   daemon [_thread_in_native, id=3156, stack(0x0000000615e00000,0x0000000615f00000) (1024K)]
  0x000001d40f4c7ae0 JavaThread "Thread-9"                   daemon [_thread_in_native, id=24372, stack(0x0000000615f00000,0x0000000616000000) (1024K)]
  0x000001d40f4c8170 JavaThread "Thread-10"                  daemon [_thread_in_native, id=20032, stack(0x0000000616000000,0x0000000616100000) (1024K)]
  0x000001d40f4c8800 JavaThread "Thread-11"                  daemon [_thread_in_native, id=26728, stack(0x0000000616100000,0x0000000616200000) (1024K)]
  0x000001d40f4c5380 JavaThread "Thread-12"                  daemon [_thread_in_native, id=25664, stack(0x0000000616200000,0x0000000616300000) (1024K)]
  0x000001d40f4c5a10 JavaThread "Thread-13"                  daemon [_thread_in_native, id=26164, stack(0x0000000616300000,0x0000000616400000) (1024K)]
  0x000001d40f4c60a0 JavaThread "Thread-14"                  daemon [_thread_in_native, id=9672, stack(0x0000000616400000,0x0000000616500000) (1024K)]
  0x000001d4100662e0 JavaThread "Thread-15"                  daemon [_thread_in_native, id=22296, stack(0x0000000616500000,0x0000000616600000) (1024K)]
  0x000001d410067690 JavaThread "pool-2-thread-1"                   [_thread_blocked, id=26016, stack(0x0000000616600000,0x0000000616700000) (1024K)]
  0x000001d410067d20 JavaThread "WorkspaceEventsHandler"            [_thread_blocked, id=18116, stack(0x0000000616800000,0x0000000616900000) (1024K)]
  0x000001d410066970 JavaThread "pool-1-thread-1"                   [_thread_blocked, id=9036, stack(0x0000000616900000,0x0000000616a00000) (1024K)]
  0x000001d410065c50 JavaThread "Timer-2"                           [_thread_blocked, id=9888, stack(0x0000000616700000,0x0000000616800000) (1024K)]
  0x000001d410064210 JavaThread "Timer-3"                           [_thread_blocked, id=7136, stack(0x0000000614f00000,0x0000000615000000) (1024K)]
  0x000001d4100655c0 JavaThread "Timer-4"                           [_thread_blocked, id=11056, stack(0x0000000616d00000,0x0000000616e00000) (1024K)]
  0x000001d4100690d0 JavaThread "Timer-5"                           [_thread_blocked, id=1232, stack(0x0000000616e00000,0x0000000616f00000) (1024K)]
  0x000001d410069760 JavaThread "Timer-6"                           [_thread_blocked, id=3836, stack(0x0000000616f00000,0x0000000617000000) (1024K)]
  0x000001d410069df0 JavaThread "Timer-7"                           [_thread_blocked, id=27184, stack(0x0000000617000000,0x0000000617100000) (1024K)]
  0x000001d41006b1a0 JavaThread "Timer-8"                           [_thread_blocked, id=27784, stack(0x0000000617100000,0x0000000617200000) (1024K)]
  0x000001d41006b830 JavaThread "Timer-9"                           [_thread_blocked, id=27804, stack(0x0000000617400000,0x0000000617500000) (1024K)]
  0x000001d410067000 JavaThread "Timer-10"                          [_thread_blocked, id=28416, stack(0x0000000617500000,0x0000000617600000) (1024K)]
  0x000001d412245cb0 JavaThread "Timer-11"                          [_thread_blocked, id=24232, stack(0x0000000617b00000,0x0000000617c00000) (1024K)]
  0x000001d412242830 JavaThread "Worker-6"                          [_thread_blocked, id=13504, stack(0x0000000612c00000,0x0000000612d00000) (1024K)]
Total: 50

Other Threads:
  0x000001d3afd54950 VMThread "VM Thread"                           [id=24120, stack(0x0000000613000000,0x0000000613100000) (1024K)]
  0x000001d3afc4ba00 WatcherThread "VM Periodic Task Thread"        [id=26216, stack(0x0000000612f00000,0x0000000613000000) (1024K)]
  0x000001d3afddfd50 WorkerThread "GC Thread#0"                     [id=26680, stack(0x0000000612e00000,0x0000000612f00000) (1024K)]
  0x000001d40e45fb00 WorkerThread "GC Thread#1"                     [id=6012, stack(0x0000000613d00000,0x0000000613e00000) (1024K)]
  0x000001d40e45feb0 WorkerThread "GC Thread#2"                     [id=21072, stack(0x0000000613e00000,0x0000000613f00000) (1024K)]
  0x000001d40e460260 WorkerThread "GC Thread#3"                     [id=10952, stack(0x0000000613f00000,0x0000000614000000) (1024K)]
  0x000001d40ea75490 WorkerThread "GC Thread#4"                     [id=12240, stack(0x0000000614000000,0x0000000614100000) (1024K)]
  0x000001d40ea75840 WorkerThread "GC Thread#5"                     [id=14476, stack(0x0000000614100000,0x0000000614200000) (1024K)]
  0x000001d40ea75bf0 WorkerThread "GC Thread#6"                     [id=15112, stack(0x0000000614200000,0x0000000614300000) (1024K)]
  0x000001d40e93dd70 WorkerThread "GC Thread#7"                     [id=24220, stack(0x0000000614300000,0x0000000614400000) (1024K)]
  0x000001d408cd6100 WorkerThread "GC Thread#8"                     [id=23340, stack(0x0000000614700000,0x0000000614800000) (1024K)]
  0x000001d40e1f0d70 WorkerThread "GC Thread#9"                     [id=23392, stack(0x0000000614800000,0x0000000614900000) (1024K)]
Total: 12

Threads with active compile tasks:
Total: 0

VM state: not at safepoint (normal execution)

VM Mutex/Monitor currently owned by a thread: None

Heap address: 0x0000000080000000, size: 2048 MB, Compressed Oops mode: 32-bit

CDS archive(s) mapped at: [0x000001d3c7000000-0x000001d3c7ba0000-0x000001d3c7ba0000), size 12189696, SharedBaseAddress: 0x000001d3c7000000, ArchiveRelocationMode: 1.
Compressed class space mapped at: 0x000001d3c8000000-0x000001d408000000, reserved size: 1073741824
Narrow klass base: 0x000001d3c7000000, Narrow klass shift: 0, Narrow klass range: 0x100000000

GC Precious Log:
 CardTable entry size: 512
 CPUs: 12 total, 12 available
 Memory: 15720M
 Large Page Support: Disabled
 NUMA Support: Disabled
 Compressed Oops: Enabled (32-bit)
 Alignments: Space 512K, Generation 512K, Heap 2M
 Heap Min Capacity: 100M
 Heap Initial Capacity: 100M
 Heap Max Capacity: 2G
 Pre-touch: Disabled
 Parallel Workers: 10

Heap:
 PSYoungGen      total 22528K, used 6892K [0x00000000d5580000, 0x00000000d7100000, 0x0000000100000000)
  eden space 22016K, 29% used [0x00000000d5580000,0x00000000d5bdb3a0,0x00000000d6b00000)
  from space 512K, 75% used [0x00000000d7080000,0x00000000d70e0000,0x00000000d7100000)
  to   space 512K, 0% used [0x00000000d7000000,0x00000000d7000000,0x00000000d7080000)
 ParOldGen       total 68608K, used 41243K [0x0000000080000000, 0x0000000084300000, 0x00000000d5580000)
  object space 68608K, 60% used [0x0000000080000000,0x0000000082846e38,0x0000000084300000)
 Metaspace       used 64917K, committed 66368K, reserved 1114112K
  class space    used 8143K, committed 8832K, reserved 1048576K

Card table byte_map: [0x000001d3af760000,0x000001d3afb70000] _byte_map_base: 0x000001d3af360000

Marking Bits: (ParMarkBitMap*) 0x00007fff997e3450
 Begin Bits: [0x000001d3c2270000, 0x000001d3c4270000)
 End Bits:   [0x000001d3c4270000, 0x000001d3c6270000)

Polling page: 0x000001d3adb20000

Metaspace:

Usage:
  Non-class:     55.44 MB used.
      Class:      7.95 MB used.
       Both:     63.40 MB used.

Virtual space:
  Non-class space:       64.00 MB reserved,      56.19 MB ( 88%) committed,  1 nodes.
      Class space:        1.00 GB reserved,       8.62 MB ( <1%) committed,  1 nodes.
             Both:        1.06 GB reserved,      64.81 MB (  6%) committed. 

Chunk freelists:
   Non-Class:  7.77 MB
       Class:  7.43 MB
        Both:  15.20 MB

MaxMetaspaceSize: unlimited
CompressedClassSpaceSize: 1.00 GB
Initial GC threshold: 21.00 MB
Current GC threshold: 97.31 MB
CDS: on
 - commit_granule_bytes: 65536.
 - commit_granule_words: 8192.
 - virtual_space_node_default_size: 8388608.
 - enlarge_chunks_in_place: 1.
 - use_allocation_guard: 0.


Internal statistics:

num_allocs_failed_limit: 9.
num_arena_births: 1190.
num_arena_deaths: 14.
num_vsnodes_births: 2.
num_vsnodes_deaths: 0.
num_space_committed: 1037.
num_space_uncommitted: 0.
num_chunks_returned_to_freelist: 23.
num_chunks_taken_from_freelist: 4154.
num_chunk_merges: 14.
num_chunk_splits: 2593.
num_chunks_enlarged: 1528.
num_inconsistent_stats: 0.

CodeHeap 'non-profiled nmethods': size=120000Kb used=5930Kb max_used=5930Kb free=114070Kb
 bounds [0x000001d3baa90000, 0x000001d3bb060000, 0x000001d3c1fc0000]
CodeHeap 'profiled nmethods': size=120000Kb used=15832Kb max_used=15832Kb free=104167Kb
 bounds [0x000001d3b2fc0000, 0x000001d3b3f40000, 0x000001d3ba4f0000]
CodeHeap 'non-nmethods': size=5760Kb used=1387Kb max_used=1457Kb free=4372Kb
 bounds [0x000001d3ba4f0000, 0x000001d3ba760000, 0x000001d3baa90000]
CodeCache: size=245760Kb, used=23149Kb, max_used=23219Kb, free=222609Kb
 total_blobs=8491, nmethods=7802, adapters=595, full_count=0
Compilation: enabled, stopped_count=0, restarted_count=0

Compilation events (20 events):
Event: 70926.548 Thread 0x000001d3afe79640 8566       3       java.util.Set::of (9 bytes)
Event: 70926.580 Thread 0x000001d3afe79640 nmethod 8566 0x000001d3b3f2f810 code [0x000001d3b3f2fa00, 0x000001d3b3f2feb0]
Event: 70926.581 Thread 0x000001d3afe79640 8567   !   3       org.eclipse.core.internal.jobs.JobListeners::sendEvent (115 bytes)
Event: 70926.623 Thread 0x000001d3afe79640 nmethod 8567 0x000001d3b3f30090 code [0x000001d3b3f30320, 0x000001d3b3f31000]
Event: 73646.654 Thread 0x000001d3afe75bf0 8568       4       org.eclipse.core.runtime.Path::lastSegment (22 bytes)
Event: 73646.668 Thread 0x000001d3afe75bf0 nmethod 8568 0x000001d3bb059690 code [0x000001d3bb059820, 0x000001d3bb0598f8]
Event: 73775.066 Thread 0x000001d3afe75bf0 8569       4       java.util.Arrays::fill (21 bytes)
Event: 73775.091 Thread 0x000001d3afe75bf0 nmethod 8569 0x000001d3bb059a10 code [0x000001d3bb059ba0, 0x000001d3bb059cc8]
Event: 74675.133 Thread 0x000001d3afe79640 8570       3       org.eclipse.core.internal.jobs.InternalJob::remove (48 bytes)
Event: 74675.171 Thread 0x000001d3afe79640 nmethod 8570 0x000001d3b3f31590 code [0x000001d3b3f31740, 0x000001d3b3f31958]
Event: 76097.005 Thread 0x000001d3afe79640 8571       3       java.util.AbstractCollection::toArray (144 bytes)
Event: 76097.239 Thread 0x000001d3afe79640 nmethod 8571 0x000001d3b3f31a90 code [0x000001d3b3f31d80, 0x000001d3b3f32ea8]
Event: 77897.495 Thread 0x000001d3afe79640 8572       3       org.eclipse.core.internal.jobs.DeadlockDetector::reduceGraph (509 bytes)
Event: 77897.625 Thread 0x000001d3afe79640 nmethod 8572 0x000001d3b3f33290 code [0x000001d3b3f33620, 0x000001d3b3f354f8]
Event: 82186.382 Thread 0x000001d3afe75bf0 8573       4       java.lang.Math::max (12 bytes)
Event: 82186.396 Thread 0x000001d3afe75bf0 nmethod 8573 0x000001d3bb059d90 code [0x000001d3bb059f00, 0x000001d3bb059f78]
Event: 82366.420 Thread 0x000001d3afe75bf0 8574       4       java.util.concurrent.atomic.AtomicLong::weakCompareAndSetVolatile (13 bytes)
Event: 82366.436 Thread 0x000001d3afe75bf0 nmethod 8574 0x000001d3bb05a090 code [0x000001d3bb05a220, 0x000001d3bb05a2c0]
Event: 82426.430 Thread 0x000001d3afe75bf0 8575       4       java.util.concurrent.atomic.AtomicLong::updateAndGet (59 bytes)
Event: 82426.459 Thread 0x000001d3afe75bf0 nmethod 8575 0x000001d3bb05a390 code [0x000001d3bb05a520, 0x000001d3bb05a6a8]

GC Heap History (20 events):
Event: 47.516 GC heap before
{Heap before GC invocations=40 (full 3):
 PSYoungGen      total 22528K, used 22512K [0x00000000d5580000, 0x00000000d7280000, 0x0000000100000000)
  eden space 22016K, 100% used [0x00000000d5580000,0x00000000d6b00000,0x00000000d6b00000)
  from space 512K, 96% used [0x00000000d7200000,0x00000000d727c280,0x00000000d7280000)
  to   space 1536K, 0% used [0x00000000d6f80000,0x00000000d6f80000,0x00000000d7100000)
 ParOldGen       total 68608K, used 39112K [0x0000000080000000, 0x0000000084300000, 0x00000000d5580000)
  object space 68608K, 57% used [0x0000000080000000,0x0000000082632118,0x0000000084300000)
 Metaspace       used 60690K, committed 62016K, reserved 1114112K
  class space    used 7641K, committed 8256K, reserved 1048576K
}
Event: 47.517 GC heap after
{Heap after GC invocations=40 (full 3):
 PSYoungGen      total 23552K, used 1182K [0x00000000d5580000, 0x00000000d7280000, 0x0000000100000000)
  eden space 22016K, 0% used [0x00000000d5580000,0x00000000d5580000,0x00000000d6b00000)
  from space 1536K, 76% used [0x00000000d6f80000,0x00000000d70a7930,0x00000000d7100000)
  to   space 1536K, 0% used [0x00000000d7100000,0x00000000d7100000,0x00000000d7280000)
 ParOldGen       total 68608K, used 39152K [0x0000000080000000, 0x0000000084300000, 0x00000000d5580000)
  object space 68608K, 57% used [0x0000000080000000,0x000000008263c118,0x0000000084300000)
 Metaspace       used 60690K, committed 62016K, reserved 1114112K
  class space    used 7641K, committed 8256K, reserved 1048576K
}
Event: 47.682 GC heap before
{Heap before GC invocations=41 (full 3):
 PSYoungGen      total 23552K, used 23198K [0x00000000d5580000, 0x00000000d7280000, 0x0000000100000000)
  eden space 22016K, 100% used [0x00000000d5580000,0x00000000d6b00000,0x00000000d6b00000)
  from space 1536K, 76% used [0x00000000d6f80000,0x00000000d70a7930,0x00000000d7100000)
  to   space 1536K, 0% used [0x00000000d7100000,0x00000000d7100000,0x00000000d7280000)
 ParOldGen       total 68608K, used 39152K [0x0000000080000000, 0x0000000084300000, 0x00000000d5580000)
  object space 68608K, 57% used [0x0000000080000000,0x000000008263c118,0x0000000084300000)
 Metaspace       used 60690K, committed 62016K, reserved 1114112K
  class space    used 7641K, committed 8256K, reserved 1048576K
}
Event: 47.682 GC heap after
{Heap after GC invocations=41 (full 3):
 PSYoungGen      total 23552K, used 1317K [0x00000000d5580000, 0x00000000d7280000, 0x0000000100000000)
  eden space 22016K, 0% used [0x00000000d5580000,0x00000000d5580000,0x00000000d6b00000)
  from space 1536K, 85% used [0x00000000d7100000,0x00000000d72496d0,0x00000000d7280000)
  to   space 1536K, 0% used [0x00000000d6f80000,0x00000000d6f80000,0x00000000d7100000)
 ParOldGen       total 68608K, used 39224K [0x0000000080000000, 0x0000000084300000, 0x00000000d5580000)
  object space 68608K, 57% used [0x0000000080000000,0x000000008264e118,0x0000000084300000)
 Metaspace       used 60690K, committed 62016K, reserved 1114112K
  class space    used 7641K, committed 8256K, reserved 1048576K
}
Event: 47.847 GC heap before
{Heap before GC invocations=42 (full 3):
 PSYoungGen      total 23552K, used 23330K [0x00000000d5580000, 0x00000000d7280000, 0x0000000100000000)
  eden space 22016K, 99% used [0x00000000d5580000,0x00000000d6aff300,0x00000000d6b00000)
  from space 1536K, 85% used [0x00000000d7100000,0x00000000d72496d0,0x00000000d7280000)
  to   space 1536K, 0% used [0x00000000d6f80000,0x00000000d6f80000,0x00000000d7100000)
 ParOldGen       total 68608K, used 39224K [0x0000000080000000, 0x0000000084300000, 0x00000000d5580000)
  object space 68608K, 57% used [0x0000000080000000,0x000000008264e118,0x0000000084300000)
 Metaspace       used 60690K, committed 62016K, reserved 1114112K
  class space    used 7641K, committed 8256K, reserved 1048576K
}
Event: 47.848 GC heap after
{Heap after GC invocations=42 (full 3):
 PSYoungGen      total 23552K, used 1246K [0x00000000d5580000, 0x00000000d7180000, 0x0000000100000000)
  eden space 22016K, 0% used [0x00000000d5580000,0x00000000d5580000,0x00000000d6b00000)
  from space 1536K, 81% used [0x00000000d6f80000,0x00000000d70b79b0,0x00000000d7100000)
  to   space 512K, 0% used [0x00000000d7100000,0x00000000d7100000,0x00000000d7180000)
 ParOldGen       total 68608K, used 39240K [0x0000000080000000, 0x0000000084300000, 0x00000000d5580000)
  object space 68608K, 57% used [0x0000000080000000,0x0000000082652118,0x0000000084300000)
 Metaspace       used 60690K, committed 62016K, reserved 1114112K
  class space    used 7641K, committed 8256K, reserved 1048576K
}
Event: 50.942 GC heap before
{Heap before GC invocations=43 (full 3):
 PSYoungGen      total 23552K, used 23262K [0x00000000d5580000, 0x00000000d7180000, 0x0000000100000000)
  eden space 22016K, 100% used [0x00000000d5580000,0x00000000d6b00000,0x00000000d6b00000)
  from space 1536K, 81% used [0x00000000d6f80000,0x00000000d70b79b0,0x00000000d7100000)
  to   space 512K, 0% used [0x00000000d7100000,0x00000000d7100000,0x00000000d7180000)
 ParOldGen       total 68608K, used 39240K [0x0000000080000000, 0x0000000084300000, 0x00000000d5580000)
  object space 68608K, 57% used [0x0000000080000000,0x0000000082652118,0x0000000084300000)
 Metaspace       used 62039K, committed 63360K, reserved 1114112K
  class space    used 7843K, committed 8448K, reserved 1048576K
}
Event: 50.943 GC heap after
{Heap after GC invocations=43 (full 3):
 PSYoungGen      total 22528K, used 512K [0x00000000d5580000, 0x00000000d7180000, 0x0000000100000000)
  eden space 22016K, 0% used [0x00000000d5580000,0x00000000d5580000,0x00000000d6b00000)
  from space 512K, 100% used [0x00000000d7100000,0x00000000d7180000,0x00000000d7180000)
  to   space 1024K, 0% used [0x00000000d6f80000,0x00000000d6f80000,0x00000000d7080000)
 ParOldGen       total 68608K, used 39352K [0x0000000080000000, 0x0000000084300000, 0x00000000d5580000)
  object space 68608K, 57% used [0x0000000080000000,0x000000008266e118,0x0000000084300000)
 Metaspace       used 62039K, committed 63360K, reserved 1114112K
  class space    used 7843K, committed 8448K, reserved 1048576K
}
Event: 72.198 GC heap before
{Heap before GC invocations=44 (full 3):
 PSYoungGen      total 22528K, used 22511K [0x00000000d5580000, 0x00000000d7180000, 0x0000000100000000)
  eden space 22016K, 99% used [0x00000000d5580000,0x00000000d6afbcb8,0x00000000d6b00000)
  from space 512K, 100% used [0x00000000d7100000,0x00000000d7180000,0x00000000d7180000)
  to   space 1024K, 0% used [0x00000000d6f80000,0x00000000d6f80000,0x00000000d7080000)
 ParOldGen       total 68608K, used 39352K [0x0000000080000000, 0x0000000084300000, 0x00000000d5580000)
  object space 68608K, 57% used [0x0000000080000000,0x000000008266e118,0x0000000084300000)
 Metaspace       used 63058K, committed 64512K, reserved 1114112K
  class space    used 7962K, committed 8640K, reserved 1048576K
}
Event: 72.200 GC heap after
{Heap after GC invocations=44 (full 3):
 PSYoungGen      total 23040K, used 992K [0x00000000d5580000, 0x00000000d7180000, 0x0000000100000000)
  eden space 22016K, 0% used [0x00000000d5580000,0x00000000d5580000,0x00000000d6b00000)
  from space 1024K, 96% used [0x00000000d6f80000,0x00000000d7078398,0x00000000d7080000)
  to   space 1024K, 0% used [0x00000000d7080000,0x00000000d7080000,0x00000000d7180000)
 ParOldGen       total 68608K, used 39844K [0x0000000080000000, 0x0000000084300000, 0x00000000d5580000)
  object space 68608K, 58% used [0x0000000080000000,0x00000000826e9128,0x0000000084300000)
 Metaspace       used 63058K, committed 64512K, reserved 1114112K
  class space    used 7962K, committed 8640K, reserved 1048576K
}
Event: 73.863 GC heap before
{Heap before GC invocations=45 (full 3):
 PSYoungGen      total 23040K, used 23008K [0x00000000d5580000, 0x00000000d7180000, 0x0000000100000000)
  eden space 22016K, 100% used [0x00000000d5580000,0x00000000d6b00000,0x00000000d6b00000)
  from space 1024K, 96% used [0x00000000d6f80000,0x00000000d7078398,0x00000000d7080000)
  to   space 1024K, 0% used [0x00000000d7080000,0x00000000d7080000,0x00000000d7180000)
 ParOldGen       total 68608K, used 39844K [0x0000000080000000, 0x0000000084300000, 0x00000000d5580000)
  object space 68608K, 58% used [0x0000000080000000,0x00000000826e9128,0x0000000084300000)
 Metaspace       used 63391K, committed 64768K, reserved 1114112K
  class space    used 7989K, committed 8640K, reserved 1048576K
}
Event: 73.865 GC heap after
{Heap after GC invocations=45 (full 3):
 PSYoungGen      total 22528K, used 320K [0x00000000d5580000, 0x00000000d7100000, 0x0000000100000000)
  eden space 22016K, 0% used [0x00000000d5580000,0x00000000d5580000,0x00000000d6b00000)
  from space 512K, 62% used [0x00000000d7080000,0x00000000d70d0000,0x00000000d7100000)
  to   space 1024K, 0% used [0x00000000d6f00000,0x00000000d6f00000,0x00000000d7000000)
 ParOldGen       total 68608K, used 40450K [0x0000000080000000, 0x0000000084300000, 0x00000000d5580000)
  object space 68608K, 58% used [0x0000000080000000,0x0000000082780b40,0x0000000084300000)
 Metaspace       used 63391K, committed 64768K, reserved 1114112K
  class space    used 7989K, committed 8640K, reserved 1048576K
}
Event: 75.285 GC heap before
{Heap before GC invocations=46 (full 3):
 PSYoungGen      total 22528K, used 22336K [0x00000000d5580000, 0x00000000d7100000, 0x0000000100000000)
  eden space 22016K, 100% used [0x00000000d5580000,0x00000000d6b00000,0x00000000d6b00000)
  from space 512K, 62% used [0x00000000d7080000,0x00000000d70d0000,0x00000000d7100000)
  to   space 1024K, 0% used [0x00000000d6f00000,0x00000000d6f00000,0x00000000d7000000)
 ParOldGen       total 68608K, used 40450K [0x0000000080000000, 0x0000000084300000, 0x00000000d5580000)
  object space 68608K, 58% used [0x0000000080000000,0x0000000082780b40,0x0000000084300000)
 Metaspace       used 63391K, committed 64768K, reserved 1114112K
  class space    used 7989K, committed 8640K, reserved 1048576K
}
Event: 75.286 GC heap after
{Heap after GC invocations=46 (full 3):
 PSYoungGen      total 23040K, used 192K [0x00000000d5580000, 0x00000000d7100000, 0x0000000100000000)
  eden space 22016K, 0% used [0x00000000d5580000,0x00000000d5580000,0x00000000d6b00000)
  from space 1024K, 18% used [0x00000000d6f00000,0x00000000d6f30000,0x00000000d7000000)
  to   space 512K, 0% used [0x00000000d7080000,0x00000000d7080000,0x00000000d7100000)
 ParOldGen       total 68608K, used 40634K [0x0000000080000000, 0x0000000084300000, 0x00000000d5580000)
  object space 68608K, 59% used [0x0000000080000000,0x00000000827aeb40,0x0000000084300000)
 Metaspace       used 63391K, committed 64768K, reserved 1114112K
  class space    used 7989K, committed 8640K, reserved 1048576K
}
Event: 76.414 GC heap before
{Heap before GC invocations=47 (full 3):
 PSYoungGen      total 23040K, used 22208K [0x00000000d5580000, 0x00000000d7100000, 0x0000000100000000)
  eden space 22016K, 100% used [0x00000000d5580000,0x00000000d6b00000,0x00000000d6b00000)
  from space 1024K, 18% used [0x00000000d6f00000,0x00000000d6f30000,0x00000000d7000000)
  to   space 512K, 0% used [0x00000000d7080000,0x00000000d7080000,0x00000000d7100000)
 ParOldGen       total 68608K, used 40634K [0x0000000080000000, 0x0000000084300000, 0x00000000d5580000)
  object space 68608K, 59% used [0x0000000080000000,0x00000000827aeb40,0x0000000084300000)
 Metaspace       used 63395K, committed 64768K, reserved 1114112K
  class space    used 7990K, committed 8640K, reserved 1048576K
}
Event: 76.415 GC heap after
{Heap after GC invocations=47 (full 3):
 PSYoungGen      total 22528K, used 224K [0x00000000d5580000, 0x00000000d7100000, 0x0000000100000000)
  eden space 22016K, 0% used [0x00000000d5580000,0x00000000d5580000,0x00000000d6b00000)
  from space 512K, 43% used [0x00000000d7080000,0x00000000d70b8000,0x00000000d7100000)
  to   space 512K, 0% used [0x00000000d7000000,0x00000000d7000000,0x00000000d7080000)
 ParOldGen       total 68608K, used 40666K [0x0000000080000000, 0x0000000084300000, 0x00000000d5580000)
  object space 68608K, 59% used [0x0000000080000000,0x00000000827b6b40,0x0000000084300000)
 Metaspace       used 63395K, committed 64768K, reserved 1114112K
  class space    used 7990K, committed 8640K, reserved 1048576K
}
Event: 77.108 GC heap before
{Heap before GC invocations=48 (full 3):
 PSYoungGen      total 22528K, used 22240K [0x00000000d5580000, 0x00000000d7100000, 0x0000000100000000)
  eden space 22016K, 100% used [0x00000000d5580000,0x00000000d6b00000,0x00000000d6b00000)
  from space 512K, 43% used [0x00000000d7080000,0x00000000d70b8000,0x00000000d7100000)
  to   space 512K, 0% used [0x00000000d7000000,0x00000000d7000000,0x00000000d7080000)
 ParOldGen       total 68608K, used 40666K [0x0000000080000000, 0x0000000084300000, 0x00000000d5580000)
  object space 68608K, 59% used [0x0000000080000000,0x00000000827b6b40,0x0000000084300000)
 Metaspace       used 64085K, committed 65472K, reserved 1114112K
  class space    used 8069K, committed 8704K, reserved 1048576K
}
Event: 77.109 GC heap after
{Heap after GC invocations=48 (full 3):
 PSYoungGen      total 22528K, used 504K [0x00000000d5580000, 0x00000000d7100000, 0x0000000100000000)
  eden space 22016K, 0% used [0x00000000d5580000,0x00000000d5580000,0x00000000d6b00000)
  from space 512K, 98% used [0x00000000d7000000,0x00000000d707e1a8,0x00000000d7080000)
  to   space 512K, 0% used [0x00000000d7080000,0x00000000d7080000,0x00000000d7100000)
 ParOldGen       total 68608K, used 40830K [0x0000000080000000, 0x0000000084300000, 0x00000000d5580000)
  object space 68608K, 59% used [0x0000000080000000,0x00000000827dfb70,0x0000000084300000)
 Metaspace       used 64085K, committed 65472K, reserved 1114112K
  class space    used 8069K, committed 8704K, reserved 1048576K
}
Event: 335.847 GC heap before
{Heap before GC invocations=49 (full 3):
 PSYoungGen      total 22528K, used 22511K [0x00000000d5580000, 0x00000000d7100000, 0x0000000100000000)
  eden space 22016K, 99% used [0x00000000d5580000,0x00000000d6afdde8,0x00000000d6b00000)
  from space 512K, 98% used [0x00000000d7000000,0x00000000d707e1a8,0x00000000d7080000)
  to   space 512K, 0% used [0x00000000d7080000,0x00000000d7080000,0x00000000d7100000)
 ParOldGen       total 68608K, used 40830K [0x0000000080000000, 0x0000000084300000, 0x00000000d5580000)
  object space 68608K, 59% used [0x0000000080000000,0x00000000827dfb70,0x0000000084300000)
 Metaspace       used 64551K, committed 65984K, reserved 1114112K
  class space    used 8114K, committed 8768K, reserved 1048576K
}
Event: 335.848 GC heap after
{Heap after GC invocations=49 (full 3):
 PSYoungGen      total 22528K, used 384K [0x00000000d5580000, 0x00000000d7100000, 0x0000000100000000)
  eden space 22016K, 0% used [0x00000000d5580000,0x00000000d5580000,0x00000000d6b00000)
  from space 512K, 75% used [0x00000000d7080000,0x00000000d70e0000,0x00000000d7100000)
  to   space 512K, 0% used [0x00000000d7000000,0x00000000d7000000,0x00000000d7080000)
 ParOldGen       total 68608K, used 41243K [0x0000000080000000, 0x0000000084300000, 0x00000000d5580000)
  object space 68608K, 60% used [0x0000000080000000,0x0000000082846e38,0x0000000084300000)
 Metaspace       used 64551K, committed 65984K, reserved 1114112K
  class space    used 8114K, committed 8768K, reserved 1048576K
}

Dll operation events (15 events):
Event: 0.020 Loaded shared library c:\Users\Dhanya\.vscode\extensions\redhat.java-1.54.0-win32-x64\jre\21.0.10-win32-x86_64\bin\java.dll
Event: 0.112 Loaded shared library c:\Users\Dhanya\.vscode\extensions\redhat.java-1.54.0-win32-x64\jre\21.0.10-win32-x86_64\bin\zip.dll
Event: 0.144 Loaded shared library C:\Users\Dhanya\.vscode\extensions\redhat.java-1.54.0-win32-x64\jre\21.0.10-win32-x86_64\bin\instrument.dll
Event: 0.153 Loaded shared library C:\Users\Dhanya\.vscode\extensions\redhat.java-1.54.0-win32-x64\jre\21.0.10-win32-x86_64\bin\net.dll
Event: 0.157 Loaded shared library C:\Users\Dhanya\.vscode\extensions\redhat.java-1.54.0-win32-x64\jre\21.0.10-win32-x86_64\bin\nio.dll
Event: 0.162 Loaded shared library C:\Users\Dhanya\.vscode\extensions\redhat.java-1.54.0-win32-x64\jre\21.0.10-win32-x86_64\bin\zip.dll
Event: 0.190 Loaded shared library C:\Users\Dhanya\.vscode\extensions\redhat.java-1.54.0-win32-x64\jre\21.0.10-win32-x86_64\bin\jimage.dll
Event: 0.346 Loaded shared library c:\Users\Dhanya\.vscode\extensions\redhat.java-1.54.0-win32-x64\jre\21.0.10-win32-x86_64\bin\verify.dll
Event: 16.153 Loaded shared library C:\Users\Dhanya\AppData\Roaming\Code\User\globalStorage\redhat.java\1.54.0\config_win\org.eclipse.equinox.launcher\org.eclipse.equinox.launcher.win32.win32.x86_64_1.3.0.v20260203-2149\eclipse_11919.dll
Event: 34.945 Loaded shared library C:\Users\Dhanya\AppData\Local\Temp\jna-2045827737\jna1622956251968835547.dll
Event: 40.480 Loaded shared library C:\Users\Dhanya\.gradle\native\68d5fa5c4cc2d200863cafc0d521ce42e7d3e7ee720ec0a83991735586a16f82\windows-amd64\native-platform.dll
Event: 43.250 Loaded shared library C:\Users\Dhanya\.vscode\extensions\redhat.java-1.54.0-win32-x64\jre\21.0.10-win32-x86_64\bin\management.dll
Event: 43.317 Loaded shared library C:\Users\Dhanya\.vscode\extensions\redhat.java-1.54.0-win32-x64\jre\21.0.10-win32-x86_64\bin\management_ext.dll
Event: 48.027 Loaded shared library C:\Users\Dhanya\.vscode\extensions\redhat.java-1.54.0-win32-x64\jre\21.0.10-win32-x86_64\bin\extnet.dll
Event: 50.929 Loaded shared library C:\Users\Dhanya\.vscode\extensions\redhat.java-1.54.0-win32-x64\jre\21.0.10-win32-x86_64\bin\sunmscapi.dll

Deoptimization events (20 events):
Event: 63181.053 Thread 0x000001d410067690 DEOPT PACKING pc=0x000001d3bb0444a4 sp=0x00000006166fefa0
Event: 63181.054 Thread 0x000001d410067690 DEOPT UNPACKING pc=0x000001d3ba543aa2 sp=0x00000006166fee40 mode 2
Event: 63191.052 Thread 0x000001d410067690 Uncommon trap: trap_request=0xffffffd6 fr.pc=0x000001d3bb0444a4 relative=0x00000000000003e4
Event: 63191.052 Thread 0x000001d410067690 Uncommon trap: reason=array_check action=maybe_recompile pc=0x000001d3bb0444a4 method=java.util.concurrent.ScheduledThreadPoolExecutor$DelayedWorkQueue.offer(Ljava/lang/Runnable;)Z @ 65 c2
Event: 63191.052 Thread 0x000001d410067690 DEOPT PACKING pc=0x000001d3bb0444a4 sp=0x00000006166fefa0
Event: 63191.053 Thread 0x000001d410067690 DEOPT UNPACKING pc=0x000001d3ba543aa2 sp=0x00000006166fee40 mode 2
Event: 63193.638 Thread 0x000001d40e9cc760 Uncommon trap: trap_request=0xffffffd6 fr.pc=0x000001d3bb0444a4 relative=0x00000000000003e4
Event: 63193.639 Thread 0x000001d40e9cc760 Uncommon trap: reason=array_check action=maybe_recompile pc=0x000001d3bb0444a4 method=java.util.concurrent.ScheduledThreadPoolExecutor$DelayedWorkQueue.offer(Ljava/lang/Runnable;)Z @ 65 c2
Event: 63193.639 Thread 0x000001d40e9cc760 DEOPT PACKING pc=0x000001d3bb0444a4 sp=0x0000000613cff000
Event: 63193.639 Thread 0x000001d40e9cc760 DEOPT UNPACKING pc=0x000001d3ba543aa2 sp=0x0000000613cfeea0 mode 2
Event: 63201.053 Thread 0x000001d410067690 Uncommon trap: trap_request=0xffffffd6 fr.pc=0x000001d3bb0444a4 relative=0x00000000000003e4
Event: 63201.053 Thread 0x000001d410067690 Uncommon trap: reason=array_check action=maybe_recompile pc=0x000001d3bb0444a4 method=java.util.concurrent.ScheduledThreadPoolExecutor$DelayedWorkQueue.offer(Ljava/lang/Runnable;)Z @ 65 c2
Event: 63201.053 Thread 0x000001d410067690 DEOPT PACKING pc=0x000001d3bb0444a4 sp=0x00000006166fefa0
Event: 63201.054 Thread 0x000001d410067690 DEOPT UNPACKING pc=0x000001d3ba543aa2 sp=0x00000006166fee40 mode 2
Event: 66818.473 Thread 0x000001d410067d20 DEOPT PACKING pc=0x000001d3b3e265c6 sp=0x00000006168febb0
Event: 66818.476 Thread 0x000001d410067d20 DEOPT UNPACKING pc=0x000001d3ba544242 sp=0x00000006168fe130 mode 0
Event: 68734.759 Thread 0x000001d410067d20 DEOPT PACKING pc=0x000001d3b3ede33b sp=0x00000006168fef90
Event: 68734.780 Thread 0x000001d410067d20 DEOPT UNPACKING pc=0x000001d3ba544242 sp=0x00000006168fe4c8 mode 0
Event: 73775.066 Thread 0x000001d412242830 DEOPT PACKING pc=0x000001d3b3892bdb sp=0x0000000612cfeda0
Event: 73775.067 Thread 0x000001d412242830 DEOPT UNPACKING pc=0x000001d3ba544242 sp=0x0000000612cfe238 mode 0

Classes loaded (20 events):
Event: 335.830 Loading class java/util/concurrent/ForkJoinTask$AdaptedCallable
Event: 335.830 Loading class java/util/concurrent/ForkJoinTask$AdaptedCallable done
Event: 335.833 Loading class java/util/stream/Nodes$CollectorTask$OfRef
Event: 335.834 Loading class java/util/stream/Nodes$CollectorTask
Event: 335.835 Loading class java/util/stream/Nodes$CollectorTask done
Event: 335.835 Loading class java/util/stream/Nodes$CollectorTask$OfRef done
Event: 335.835 Loading class java/util/function/LongFunction
Event: 335.835 Loading class java/util/function/LongFunction done
Event: 335.835 Loading class java/util/stream/Nodes$ConcNode
Event: 335.836 Loading class java/util/stream/Nodes$AbstractConcNode
Event: 335.836 Loading class java/util/stream/Nodes$AbstractConcNode done
Event: 335.836 Loading class java/util/stream/Nodes$ConcNode done
Event: 1815.620 Loading class java/util/stream/DistinctOps
Event: 1815.622 Loading class java/util/stream/DistinctOps done
Event: 1815.622 Loading class java/util/stream/DistinctOps$1
Event: 1815.625 Loading class java/util/stream/DistinctOps$1 done
Event: 1815.656 Loading class java/util/stream/DistinctOps$1$2
Event: 1815.657 Loading class java/util/stream/DistinctOps$1$2 done
Event: 1815.692 Loading class java/nio/file/InvalidPathException
Event: 1815.692 Loading class java/nio/file/InvalidPathException done

Classes unloaded (7 events):
Event: 35.579 Thread 0x000001d3afd54950 Unloading class 0x000001d3c81a4800 'java/lang/invoke/LambdaForm$MH+0x000001d3c81a4800'
Event: 35.579 Thread 0x000001d3afd54950 Unloading class 0x000001d3c81a4400 'java/lang/invoke/LambdaForm$MH+0x000001d3c81a4400'
Event: 35.579 Thread 0x000001d3afd54950 Unloading class 0x000001d3c81a4000 'java/lang/invoke/LambdaForm$MH+0x000001d3c81a4000'
Event: 35.579 Thread 0x000001d3afd54950 Unloading class 0x000001d3c81a3c00 'java/lang/invoke/LambdaForm$MH+0x000001d3c81a3c00'
Event: 35.579 Thread 0x000001d3afd54950 Unloading class 0x000001d3c81a3800 'java/lang/invoke/LambdaForm$BMH+0x000001d3c81a3800'
Event: 35.579 Thread 0x000001d3afd54950 Unloading class 0x000001d3c81a3400 'java/lang/invoke/LambdaForm$DMH+0x000001d3c81a3400'
Event: 35.579 Thread 0x000001d3afd54950 Unloading class 0x000001d3c81a2000 'java/lang/invoke/LambdaForm$DMH+0x000001d3c81a2000'

Classes redefined (0 events):
No events

Internal exceptions (20 events):
Event: 76.926 Thread 0x000001d40f4c2590 Exception <a 'sun/nio/fs/WindowsException'{0x00000000d6013278}> (0x00000000d6013278) 
thrown [s\src\hotspot\share\prims\jni.cpp, line 520]
Event: 76.926 Thread 0x000001d40f4c2590 Exception <a 'sun/nio/fs/WindowsException'{0x00000000d6016680}> (0x00000000d6016680) 
thrown [s\src\hotspot\share\prims\jni.cpp, line 520]
Event: 76.927 Thread 0x000001d40f4c2590 Exception <a 'sun/nio/fs/WindowsException'{0x00000000d6019d50}> (0x00000000d6019d50) 
thrown [s\src\hotspot\share\prims\jni.cpp, line 520]
Event: 76.927 Thread 0x000001d40f4c2590 Exception <a 'sun/nio/fs/WindowsException'{0x00000000d601ce38}> (0x00000000d601ce38) 
thrown [s\src\hotspot\share\prims\jni.cpp, line 520]
Event: 76.962 Thread 0x000001d410066970 Exception <a 'sun/nio/fs/WindowsException'{0x00000000d61ab848}> (0x00000000d61ab848) 
thrown [s\src\hotspot\share\prims\jni.cpp, line 520]
Event: 76.962 Thread 0x000001d410066970 Exception <a 'sun/nio/fs/WindowsException'{0x00000000d61b73c8}> (0x00000000d61b73c8) 
thrown [s\src\hotspot\share\prims\jni.cpp, line 520]
Event: 76.963 Thread 0x000001d410066970 Exception <a 'sun/nio/fs/WindowsException'{0x00000000d61d8fd8}> (0x00000000d61d8fd8) 
thrown [s\src\hotspot\share\prims\jni.cpp, line 520]
Event: 76.963 Thread 0x000001d410066970 Exception <a 'sun/nio/fs/WindowsException'{0x00000000d61d9740}> (0x00000000d61d9740) 
thrown [s\src\hotspot\share\prims\jni.cpp, line 520]
Event: 76.989 Thread 0x000001d410066970 Exception <a 'sun/nio/fs/WindowsException'{0x00000000d6457500}> (0x00000000d6457500) 
thrown [s\src\hotspot\share\prims\jni.cpp, line 520]
Event: 76.989 Thread 0x000001d410066970 Exception <a 'sun/nio/fs/WindowsException'{0x00000000d6457f78}> (0x00000000d6457f78) 
thrown [s\src\hotspot\share\prims\jni.cpp, line 520]
Event: 76.992 Thread 0x000001d410066970 Exception <a 'sun/nio/fs/WindowsException'{0x00000000d6486130}> (0x00000000d6486130) 
thrown [s\src\hotspot\share\prims\jni.cpp, line 520]
Event: 76.993 Thread 0x000001d410066970 Exception <a 'sun/nio/fs/WindowsException'{0x00000000d6486b40}> (0x00000000d6486b40) 
thrown [s\src\hotspot\share\prims\jni.cpp, line 520]
Event: 76.996 Thread 0x000001d410066970 Exception <a 'java/lang/IncompatibleClassChangeError'{0x00000000d64c80b8}: Found class java.lang.Object, but interface was expected> (0x00000000d64c80b8) 
thrown [s\src\hotspot\share\interpreter\linkResolver.cpp, line 840]
Event: 87.242 Thread 0x000001d412243550 Exception <a 'java/lang/NoSuchMethodError'{0x00000000d673ae30}: static Lorg/gradle/api/GradleException;.<clinit>()V> (0x00000000d673ae30) 
thrown [s\src\hotspot\share\prims\jni.cpp, line 1111]
Event: 87.242 Thread 0x000001d412243550 Exception <a 'java/lang/NoSuchMethodError'{0x00000000d673c200}: static Lorg/gradle/api/internal/plugins/PluginApplicationException;.<clinit>()V> (0x00000000d673c200) 
thrown [s\src\hotspot\share\prims\jni.cpp, line 1111]
Event: 87.244 Thread 0x000001d412243550 Exception <a 'java/lang/NoSuchMethodError'{0x00000000d677d7b0}: static Lorg/gradle/api/GradleScriptException;.<clinit>()V> (0x00000000d677d7b0) 
thrown [s\src\hotspot\share\prims\jni.cpp, line 1111]
Event: 87.250 Thread 0x000001d412243550 Exception <a 'java/lang/NoSuchMethodError'{0x00000000d6800428}: static Lorg/gradle/internal/exceptions/ContextAwareException;.<clinit>()V> (0x00000000d6800428) 
thrown [s\src\hotspot\share\prims\jni.cpp, line 1111]
Event: 87.250 Thread 0x000001d412243550 Exception <a 'java/lang/NoSuchMethodError'{0x00000000d68027f8}: static Lorg/gradle/internal/exceptions/LocationAwareException;.<clinit>()V> (0x00000000d68027f8) 
thrown [s\src\hotspot\share\prims\jni.cpp, line 1111]
Event: 335.863 Thread 0x000001d40ec073f0 Exception <a 'java/lang/NoSuchMethodError'{0x00000000d55dbfe8}: 'java.lang.Object java.lang.invoke.DirectMethodHandle$Holder.newInvokeSpecial(java.lang.Object, java.lang.Object, java.lang.Object, java.lang.Object, java.lang.Object, java.lang.Object, java.lang.Object, java.lang.Object)'> (0x00000000d55dbfe8) 
thrown [s\src\hotspot\share\interpreter\linkResolver.cpp, line 773]
Event: 774.806 Thread 0x000001d410066970 Exception <a 'java/lang/IncompatibleClassChangeError'{0x00000000d56472d0}: Found class java.lang.Object, but interface was expected> (0x00000000d56472d0) 
thrown [s\src\hotspot\share\interpreter\linkResolver.cpp, line 840]

ZGC Phase Switch (0 events):
No events

VM Operations (20 events):
Event: 84576.502 Executing non-safepoint VM operation: HandshakeAllThreads (HandshakeForDeflation)
Event: 84576.506 Executing non-safepoint VM operation: HandshakeAllThreads (HandshakeForDeflation) done
Event: 84576.506 Executing non-safepoint VM operation: RendezvousGCThreads
Event: 84576.506 Executing non-safepoint VM operation: RendezvousGCThreads done
Event: 84636.584 Executing non-safepoint VM operation: HandshakeAllThreads (HandshakeForDeflation)
Event: 84636.584 Executing non-safepoint VM operation: HandshakeAllThreads (HandshakeForDeflation) done
Event: 84636.584 Executing non-safepoint VM operation: RendezvousGCThreads
Event: 84636.584 Executing non-safepoint VM operation: RendezvousGCThreads done
Event: 84816.995 Executing non-safepoint VM operation: HandshakeAllThreads (HandshakeForDeflation)
Event: 84817.000 Executing non-safepoint VM operation: HandshakeAllThreads (HandshakeForDeflation) done
Event: 84817.000 Executing non-safepoint VM operation: RendezvousGCThreads
Event: 84817.000 Executing non-safepoint VM operation: RendezvousGCThreads done
Event: 84877.059 Executing non-safepoint VM operation: HandshakeAllThreads (HandshakeForDeflation)
Event: 84877.059 Executing non-safepoint VM operation: HandshakeAllThreads (HandshakeForDeflation) done
Event: 84877.059 Executing non-safepoint VM operation: RendezvousGCThreads
Event: 84877.059 Executing non-safepoint VM operation: RendezvousGCThreads done
Event: 84937.245 Executing non-safepoint VM operation: HandshakeAllThreads (HandshakeForDeflation)
Event: 84937.245 Executing non-safepoint VM operation: HandshakeAllThreads (HandshakeForDeflation) done
Event: 84937.245 Executing non-safepoint VM operation: RendezvousGCThreads
Event: 84937.245 Executing non-safepoint VM operation: RendezvousGCThreads done

Memory protections (0 events):
No events

Nmethod flushes (20 events):
Event: 46.125 Thread 0x000001d3afd54950 flushing  nmethod 0x000001d3b3899e90
Event: 46.125 Thread 0x000001d3afd54950 flushing  nmethod 0x000001d3b389c910
Event: 46.125 Thread 0x000001d3afd54950 flushing  nmethod 0x000001d3b38b2b10
Event: 46.125 Thread 0x000001d3afd54950 flushing  nmethod 0x000001d3b38b5a90
Event: 46.125 Thread 0x000001d3afd54950 flushing  nmethod 0x000001d3b38c1090
Event: 46.125 Thread 0x000001d3afd54950 flushing  nmethod 0x000001d3b38c1610
Event: 46.125 Thread 0x000001d3afd54950 flushing  nmethod 0x000001d3b38c3390
Event: 46.125 Thread 0x000001d3afd54950 flushing  nmethod 0x000001d3b38d4490
Event: 46.125 Thread 0x000001d3afd54950 flushing  nmethod 0x000001d3b38fdd90
Event: 46.125 Thread 0x000001d3afd54950 flushing  nmethod 0x000001d3b38fe090
Event: 46.125 Thread 0x000001d3afd54950 flushing  nmethod 0x000001d3b3906d90
Event: 46.125 Thread 0x000001d3afd54950 flushing  nmethod 0x000001d3b3908890
Event: 46.125 Thread 0x000001d3afd54950 flushing  nmethod 0x000001d3b390a190
Event: 46.125 Thread 0x000001d3afd54950 flushing  nmethod 0x000001d3b390ab90
Event: 46.125 Thread 0x000001d3afd54950 flushing  nmethod 0x000001d3b3915390
Event: 46.125 Thread 0x000001d3afd54950 flushing  nmethod 0x000001d3b3915b10
Event: 46.125 Thread 0x000001d3afd54950 flushing  nmethod 0x000001d3b3915e90
Event: 46.125 Thread 0x000001d3afd54950 flushing  nmethod 0x000001d3b3916210
Event: 46.125 Thread 0x000001d3afd54950 flushing  nmethod 0x000001d3b3917b10
Event: 46.125 Thread 0x000001d3afd54950 flushing  nmethod 0x000001d3b3927d10

Events (20 events):
Event: 104.047 Thread 0x000001d4100683b0 Thread exited: 0x000001d4100683b0
Event: 104.047 Thread 0x000001d410064f30 Thread exited: 0x000001d410064f30
Event: 104.047 Thread 0x000001d410068a40 Thread exited: 0x000001d410068a40
Event: 137.176 Thread 0x000001d412245620 Thread exited: 0x000001d412245620
Event: 138.145 Thread 0x000001d40ec06d60 Thread exited: 0x000001d40ec06d60
Event: 138.145 Thread 0x000001d40f4c2590 Thread exited: 0x000001d40f4c2590
Event: 138.160 Thread 0x000001d40f4c1f00 Thread exited: 0x000001d40f4c1f00
Event: 138.456 Thread 0x000001d40f4c32b0 Thread exited: 0x000001d40f4c32b0
Event: 197.180 Thread 0x000001d41006ab10 Thread exited: 0x000001d41006ab10
Event: 257.181 Thread 0x000001d41006a480 Thread exited: 0x000001d41006a480
Event: 317.192 Thread 0x000001d412244270 Thread exited: 0x000001d412244270
Event: 335.035 Thread 0x000001d40ec073f0 Thread added: 0x000001d412242830
Event: 335.037 Thread 0x000001d40ec07a80 Thread exited: 0x000001d40ec07a80
Event: 335.831 Thread 0x000001d40ec073f0 Thread added: 0x000001d412243550
Event: 335.836 Thread 0x000001d412243550 Thread exited: 0x000001d412243550
Event: 335.852 Thread 0x000001d40ec073f0 Thread added: 0x000001d412243550
Event: 335.853 Thread 0x000001d412243550 Thread exited: 0x000001d412243550
Event: 377.207 Thread 0x000001d412244f90 Thread exited: 0x000001d412244f90
Event: 54446.441 Thread 0x000001d410066970 Thread added: 0x000001d412244f90
Event: 54507.008 Thread 0x000001d412244f90 Thread exited: 0x000001d412244f90


Dynamic libraries:
0x00007ff64ba70000 - 0x00007ff64ba7e000 	c:\Users\Dhanya\.vscode\extensions\redhat.java-1.54.0-win32-x64\jre\21.0.10-win32-x86_64\bin\java.exe
0x00007ff800880000 - 0x00007ff800ae7000 	C:\WINDOWS\SYSTEM32\ntdll.dll
0x00007fffffa40000 - 0x00007fffffb09000 	C:\WINDOWS\System32\KERNEL32.DLL
0x00007ffffddd0000 - 0x00007ffffe1c7000 	C:\WINDOWS\System32\KERNELBASE.dll
0x00007ffffd350000 - 0x00007ffffd49b000 	C:\WINDOWS\System32\ucrtbase.dll
0x00007ffff0470000 - 0x00007ffff048e000 	c:\Users\Dhanya\.vscode\extensions\redhat.java-1.54.0-win32-x64\jre\21.0.10-win32-x86_64\bin\VCRUNTIME140.dll
0x00007fffeffa0000 - 0x00007fffeffb8000 	c:\Users\Dhanya\.vscode\extensions\redhat.java-1.54.0-win32-x64\jre\21.0.10-win32-x86_64\bin\jli.dll
0x00007fffffd70000 - 0x00007ffffff36000 	C:\WINDOWS\System32\USER32.dll
0x00007ffffe1d0000 - 0x00007ffffe1f7000 	C:\WINDOWS\System32\win32u.dll
0x00007fffed3f0000 - 0x00007fffed682000 	C:\WINDOWS\WinSxS\amd64_microsoft.windows.common-controls_6595b64144ccf1df_6.0.26100.8457_none_3e0b2faee331e92d\COMCTL32.dll
0x00007ff800020000 - 0x00007ff80004b000 	C:\WINDOWS\System32\GDI32.dll
0x00007ffffff40000 - 0x00007ffffffe9000 	C:\WINDOWS\System32\msvcrt.dll
0x00007ffffe380000 - 0x00007ffffe4ac000 	C:\WINDOWS\System32\gdi32full.dll
0x00007ffffd2a0000 - 0x00007ffffd343000 	C:\WINDOWS\System32\msvcp_win.dll
0x00007fffffc30000 - 0x00007fffffc62000 	C:\WINDOWS\System32\IMM32.DLL
0x00007ffff3650000 - 0x00007ffff365c000 	c:\Users\Dhanya\.vscode\extensions\redhat.java-1.54.0-win32-x64\jre\21.0.10-win32-x86_64\bin\vcruntime140_1.dll
0x00007fff998d0000 - 0x00007fff9995d000 	c:\Users\Dhanya\.vscode\extensions\redhat.java-1.54.0-win32-x64\jre\21.0.10-win32-x86_64\bin\msvcp140.dll
0x00007fff98b20000 - 0x00007fff998c1000 	c:\Users\Dhanya\.vscode\extensions\redhat.java-1.54.0-win32-x64\jre\21.0.10-win32-x86_64\bin\server\jvm.dll
0x00007fffff290000 - 0x00007fffff346000 	C:\WINDOWS\System32\ADVAPI32.dll
0x00007ff800060000 - 0x00007ff800107000 	C:\WINDOWS\System32\sechost.dll
0x00007fffffb10000 - 0x00007fffffc28000 	C:\WINDOWS\System32\RPCRT4.dll
0x00007ffffe6d0000 - 0x00007ffffe750000 	C:\WINDOWS\System32\WS2_32.dll
0x00007ffffb250000 - 0x00007ffffb286000 	C:\WINDOWS\SYSTEM32\WINMM.dll
0x00007ffff6e60000 - 0x00007ffff6e6b000 	C:\WINDOWS\SYSTEM32\VERSION.dll
0x00007ffffd100000 - 0x00007ffffd15e000 	C:\WINDOWS\SYSTEM32\POWRPROF.dll
0x00007ffffd030000 - 0x00007ffffd044000 	C:\WINDOWS\SYSTEM32\UMPDC.dll
0x00007ffffc030000 - 0x00007ffffc04b000 	C:\WINDOWS\SYSTEM32\kernel.appcore.dll
0x00007fffee2c0000 - 0x00007fffee2ca000 	c:\Users\Dhanya\.vscode\extensions\redhat.java-1.54.0-win32-x64\jre\21.0.10-win32-x86_64\bin\jimage.dll
0x00007ffffaf60000 - 0x00007ffffb1a2000 	C:\WINDOWS\SYSTEM32\DBGHELP.DLL
0x00007ff800210000 - 0x00007ff800593000 	C:\WINDOWS\System32\combase.dll
0x00007ffffe5f0000 - 0x00007ffffe6c9000 	C:\WINDOWS\System32\OLEAUT32.dll
0x00007ffffb210000 - 0x00007ffffb24b000 	C:\WINDOWS\SYSTEM32\dbgcore.DLL
0x00007ffffe4b0000 - 0x00007ffffe558000 	C:\WINDOWS\System32\bcryptPrimitives.dll
0x00007fffe0430000 - 0x00007fffe043f000 	c:\Users\Dhanya\.vscode\extensions\redhat.java-1.54.0-win32-x64\jre\21.0.10-win32-x86_64\bin\instrument.dll
0x00007fffee2a0000 - 0x00007fffee2c0000 	c:\Users\Dhanya\.vscode\extensions\redhat.java-1.54.0-win32-x64\jre\21.0.10-win32-x86_64\bin\java.dll
0x00007ffffe760000 - 0x00007ffffeece000 	C:\WINDOWS\System32\SHELL32.dll
0x00007ffffd560000 - 0x00007ffffddcc000 	C:\WINDOWS\System32\windows.storage.dll
0x00007fffffc70000 - 0x00007fffffd66000 	C:\WINDOWS\System32\SHCORE.dll
0x00007ff8005f0000 - 0x00007ff800656000 	C:\WINDOWS\System32\shlwapi.dll
0x00007ffffd1c0000 - 0x00007ffffd1e9000 	C:\WINDOWS\SYSTEM32\profapi.dll
0x00007fffee280000 - 0x00007fffee298000 	c:\Users\Dhanya\.vscode\extensions\redhat.java-1.54.0-win32-x64\jre\21.0.10-win32-x86_64\bin\zip.dll
0x00007fffee270000 - 0x00007fffee280000 	C:\Users\Dhanya\.vscode\extensions\redhat.java-1.54.0-win32-x64\jre\21.0.10-win32-x86_64\bin\net.dll
0x00007ffff6820000 - 0x00007ffff6949000 	C:\WINDOWS\SYSTEM32\WINHTTP.dll
0x00007ffffc5a0000 - 0x00007ffffc60c000 	C:\WINDOWS\system32\mswsock.dll
0x00007fffee250000 - 0x00007fffee266000 	C:\Users\Dhanya\.vscode\extensions\redhat.java-1.54.0-win32-x64\jre\21.0.10-win32-x86_64\bin\nio.dll
0x00007fffe0420000 - 0x00007fffe0430000 	c:\Users\Dhanya\.vscode\extensions\redhat.java-1.54.0-win32-x64\jre\21.0.10-win32-x86_64\bin\verify.dll
0x00007fff9a5d0000 - 0x00007fff9a615000 	C:\Users\Dhanya\AppData\Roaming\Code\User\globalStorage\redhat.java\1.54.0\config_win\org.eclipse.equinox.launcher\org.eclipse.equinox.launcher.win32.win32.x86_64_1.3.0.v20260203-2149\eclipse_11919.dll
0x00007fffff0d0000 - 0x00007fffff267000 	C:\WINDOWS\System32\ole32.dll
0x00007ffffc880000 - 0x00007ffffc89b000 	C:\WINDOWS\SYSTEM32\CRYPTSP.dll
0x00007ffffbf90000 - 0x00007ffffbfc9000 	C:\WINDOWS\system32\rsaenh.dll
0x00007ffffc650000 - 0x00007ffffc683000 	C:\WINDOWS\SYSTEM32\USERENV.dll
0x00007ffffd190000 - 0x00007ffffd1ba000 	C:\WINDOWS\SYSTEM32\bcrypt.dll
0x00007ffffcf00000 - 0x00007ffffcf0c000 	C:\WINDOWS\SYSTEM32\CRYPTBASE.dll
0x00007ffffbad0000 - 0x00007ffffbb02000 	C:\WINDOWS\SYSTEM32\IPHLPAPI.DLL
0x00007ff800050000 - 0x00007ff80005a000 	C:\WINDOWS\System32\NSI.dll
0x00007ffff3600000 - 0x00007ffff3649000 	C:\Users\Dhanya\AppData\Local\Temp\jna-2045827737\jna1622956251968835547.dll
0x00007ff800010000 - 0x00007ff800018000 	C:\WINDOWS\System32\PSAPI.DLL
0x00007ffff7020000 - 0x00007ffff703d000 	C:\WINDOWS\SYSTEM32\dhcpcsvc6.DLL
0x00007ffff6e70000 - 0x00007ffff6e95000 	C:\WINDOWS\SYSTEM32\dhcpcsvc.DLL
0x00007ffff8570000 - 0x00007ffff8597000 	C:\Users\Dhanya\.gradle\native\68d5fa5c4cc2d200863cafc0d521ce42e7d3e7ee720ec0a83991735586a16f82\windows-amd64\native-platform.dll
0x00007ffff35f0000 - 0x00007ffff35fa000 	C:\Users\Dhanya\.vscode\extensions\redhat.java-1.54.0-win32-x64\jre\21.0.10-win32-x86_64\bin\management.dll
0x00007ffff35e0000 - 0x00007ffff35ec000 	C:\Users\Dhanya\.vscode\extensions\redhat.java-1.54.0-win32-x64\jre\21.0.10-win32-x86_64\bin\management_ext.dll
0x00007fffe5340000 - 0x00007fffe5349000 	C:\Users\Dhanya\.vscode\extensions\redhat.java-1.54.0-win32-x64\jre\21.0.10-win32-x86_64\bin\extnet.dll
0x00007fffe5350000 - 0x00007fffe535e000 	C:\Users\Dhanya\.vscode\extensions\redhat.java-1.54.0-win32-x64\jre\21.0.10-win32-x86_64\bin\sunmscapi.dll
0x00007ffffe200000 - 0x00007ffffe378000 	C:\WINDOWS\System32\CRYPT32.dll
0x00007ffffca90000 - 0x00007ffffcac0000 	C:\WINDOWS\SYSTEM32\ncrypt.dll
0x00007ffffca40000 - 0x00007ffffca7f000 	C:\WINDOWS\SYSTEM32\NTASN1.dll
0x00007fff8d430000 - 0x00007fff8d438000 	C:\WINDOWS\system32\wshunix.dll

JVMTI agents:
c:\Users\Dhanya\.vscode\extensions\redhat.java-1.54.0-win32-x64\lombok\lombok-1.18.39-4050.jar path:c:\Users\Dhanya\.vscode\extensions\redhat.java-1.54.0-win32-x64\jre\21.0.10-win32-x86_64\bin\instrument.dll, loaded, initialized, instrumentlib options:none

dbghelp: loaded successfully - version: 4.0.5 - missing functions: none
symbol engine: initialized successfully - sym options: 0x614 - pdb path: .;c:\Users\Dhanya\.vscode\extensions\redhat.java-1.54.0-win32-x64\jre\21.0.10-win32-x86_64\bin;C:\WINDOWS\SYSTEM32;C:\WINDOWS\WinSxS\amd64_microsoft.windows.common-controls_6595b64144ccf1df_6.0.26100.8457_none_3e0b2faee331e92d;c:\Users\Dhanya\.vscode\extensions\redhat.java-1.54.0-win32-x64\jre\21.0.10-win32-x86_64\bin\server;C:\Users\Dhanya\AppData\Roaming\Code\User\globalStorage\redhat.java\1.54.0\config_win\org.eclipse.equinox.launcher\org.eclipse.equinox.launcher.win32.win32.x86_64_1.3.0.v20260203-2149;C:\Users\Dhanya\AppData\Local\Temp\jna-2045827737;C:\Users\Dhanya\.gradle\native\68d5fa5c4cc2d200863cafc0d521ce42e7d3e7ee720ec0a83991735586a16f82\windows-amd64

VM Arguments:
jvm_args: --add-modules=ALL-SYSTEM --add-opens=java.base/java.util=ALL-UNNAMED --add-opens=java.base/java.lang=ALL-UNNAMED --add-opens=java.base/sun.nio.fs=ALL-UNNAMED -Declipse.application=org.eclipse.jdt.ls.core.id1 -Dosgi.bundles.defaultStartLevel=4 -Declipse.product=org.eclipse.jdt.ls.core.product -Djava.import.generatesMetadataFilesAtProjectRoot=false -DDetectVMInstallationsJob.disabled=true -Dfile.encoding=utf8 -XX:+UseParallelGC -XX:GCTimeRatio=4 -XX:AdaptiveSizePolicyWeight=90 -Dsun.zip.disableMemoryMapping=true -Xmx2G -Xms100m -Xlog:disable -javaagent:c:\Users\Dhanya\.vscode\extensions\redhat.java-1.54.0-win32-x64\lombok\lombok-1.18.39-4050.jar -XX:+HeapDumpOnOutOfMemoryError -XX:HeapDumpPath=c:\Users\Dhanya\AppData\Roaming\Code\User\workspaceStorage\28786d956826ddb7e8b0ea889825a03a\redhat.java -Daether.dependencyCollector.impl=bf 
java_command: c:\Users\Dhanya\.vscode\extensions\redhat.java-1.54.0-win32-x64\server\plugins\org.eclipse.equinox.launcher_1.7.100.v20251111-0406.jar -configuration c:\Users\Dhanya\AppData\Roaming\Code\User\globalStorage\redhat.java\1.54.0\config_win -data c:\Users\Dhanya\AppData\Roaming\Code\User\workspaceStorage\28786d956826ddb7e8b0ea889825a03a\redhat.java\jdt_ws --pipe=\\.\pipe\lsp-6e5ec8673d79cd43abca26395e3be4f0-sock
java_class_path (initial): c:\Users\Dhanya\.vscode\extensions\redhat.java-1.54.0-win32-x64\server\plugins\org.eclipse.equinox.launcher_1.7.100.v20251111-0406.jar
Launcher Type: SUN_STANDARD

[Global flags]
    uintx AdaptiveSizePolicyWeight                 = 90                                        {product} {command line}
     intx CICompilerCount                          = 4                                         {product} {ergonomic}
    uintx GCTimeRatio                              = 4                                         {product} {command line}
     bool HeapDumpOnOutOfMemoryError               = true                                   {manageable} {command line}
    ccstr HeapDumpPath                             = c:\Users\Dhanya\AppData\Roaming\Code\User\workspaceStorage\28786d956826ddb7e8b0ea889825a03a\redhat.java         {manageable} {command line}
   size_t InitialHeapSize                          = 104857600                                 {product} {command line}
   size_t MaxHeapSize                              = 2147483648                                {product} {command line}
   size_t MaxNewSize                               = 715653120                                 {product} {ergonomic}
   size_t MinHeapDeltaBytes                        = 524288                                    {product} {ergonomic}
   size_t MinHeapSize                              = 104857600                                 {product} {command line}
   size_t NewSize                                  = 34603008                                  {product} {ergonomic}
    uintx NonNMethodCodeHeapSize                   = 5839372                                {pd product} {ergonomic}
    uintx NonProfiledCodeHeapSize                  = 122909434                              {pd product} {ergonomic}
   size_t OldSize                                  = 70254592                                  {product} {ergonomic}
    uintx ProfiledCodeHeapSize                     = 122909434                              {pd product} {ergonomic}
    uintx ReservedCodeCacheSize                    = 251658240                              {pd product} {ergonomic}
     bool SegmentedCodeCache                       = true                                      {product} {ergonomic}
   size_t SoftMaxHeapSize                          = 2147483648                             {manageable} {ergonomic}
     bool UseCompressedOops                        = true                           {product lp64_product} {ergonomic}
     bool UseLargePagesIndividualAllocation        = false                                  {pd product} {ergonomic}
     bool UseParallelGC                            = true                                      {product} {command line}

Logging:
Log output configuration:
 #0: stdout all=off uptime,level,tags foldmultilines=false
 #1: stderr all=off uptime,level,tags foldmultilines=false

Release file:
JAVA_VERSION="21.0.10" 
MODULES="java.base java.compiler java.datatransfer java.xml java.prefs java.desktop java.instrument java.logging java.management java.security.sasl java.naming java.rmi java.management.rmi java.net.http java.scripting java.security.jgss java.transaction.xa java.sql java.sql.rowset java.xml.crypto java.se java.smartcardio jdk.accessibility jdk.internal.jvmstat jdk.attach jdk.charsets jdk.internal.opt jdk.zipfs jdk.compiler jdk.crypto.ec jdk.crypto.cryptoki jdk.crypto.mscapi jdk.dynalink jdk.internal.ed jdk.editpad jdk.hotspot.agent jdk.httpserver jdk.internal.le jdk.internal.vm.ci jdk.internal.vm.compiler jdk.internal.vm.compiler.management jdk.jartool jdk.javadoc jdk.jcmd jdk.management jdk.management.agent jdk.jconsole jdk.jdeps jdk.jdwp.agent jdk.jdi jdk.jfr jdk.jshell jdk.jsobject jdk.jstatd jdk.localedata jdk.management.jfr jdk.naming.dns jdk.naming.rmi jdk.net jdk.nio.mapmode jdk.random jdk.sctp jdk.security.auth jdk.security.jgss jdk.unsupported jdk.unsupported.desktop jdk.xml.dom" 

Environment Variables:
JAVA_HOME=C:\Users\Dhanya\AppData\Local\Programs\Microsoft\jdk-17.0.10.7-hotspot\
PATH=C:\Users\Dhanya\AppData\Local\Programs\Microsoft VS Code;C:\Python314\Scripts\;C:\Python314\;C:\WINDOWS\system32;C:\WINDOWS;C:\WINDOWS\System32\Wbem;C:\WINDOWS\System32\WindowsPowerShell\v1.0\;C:\WINDOWS\System32\OpenSSH\;C:\Program Files\dotnet\;C:\Program Files\nodejs\;C:\ProgramData\chocolatey\bin;C:\Program Files\Git\cmd;C:\Program Files\GitHub CLI\;C:\Program Files\Docker\Docker\resources\bin;C:\Users\Dhanya\AppData\Local\Programs\Microsoft\jdk-17.0.10.7-hotspot\bin;C:\Users\Dhanya\AppData\Local\Microsoft\WindowsApps;C:\Users\Dhanya\AppData\Roaming\npm;C:\Users\Dhanya\AppData\Local\Programs\Microsoft VS Code\bin;C:\Program Files\heroku\bin
USERNAME=Dhanya
OS=Windows_NT
PROCESSOR_IDENTIFIER=AMD64 Family 25 Model 80 Stepping 0, AuthenticAMD
TMP=C:\Users\Dhanya\AppData\Local\Temp
TEMP=C:\Users\Dhanya\AppData\Local\Temp




Periodic native trim disabled

---------------  S Y S T E M  ---------------

OS:
 Windows 11 , 64 bit Build 26100 (10.0.26100.8328)
OS uptime: 0 days 23:45 hours
Hyper-V role detected

CPU: total 12 (initial active 12) (12 cores per cpu, 2 threads per core) family 25 model 80 stepping 0 microcode 0xa500014, cx8, cmov, fxsr, ht, mmx, 3dnowpref, sse, sse2, sse3, ssse3, sse4a, sse4.1, sse4.2, popcnt, lzcnt, tsc, tscinvbit, avx, avx2, aes, erms, clmul, bmi1, bmi2, adx, sha, fma, vzeroupper, clflush, clflushopt, hv, rdtscp, rdpid, fsrm, f16c, cet_ss
Processor Information for processor 0
  Max Mhz: 2301, Current Mhz: 2301, Mhz Limit: 2301
Processor Information for processor 1
  Max Mhz: 2301, Current Mhz: 2301, Mhz Limit: 2301
Processor Information for processor 2
  Max Mhz: 2301, Current Mhz: 2010, Mhz Limit: 2301
Processor Information for processor 3
  Max Mhz: 2301, Current Mhz: 2010, Mhz Limit: 2301
Processor Information for processor 4
  Max Mhz: 2301, Current Mhz: 2010, Mhz Limit: 2301
Processor Information for processor 5
  Max Mhz: 2301, Current Mhz: 2301, Mhz Limit: 2301
Processor Information for processor 6
  Max Mhz: 2301, Current Mhz: 2010, Mhz Limit: 2301
Processor Information for processor 7
  Max Mhz: 2301, Current Mhz: 2301, Mhz Limit: 2301
Processor Information for processor 8
  Max Mhz: 2301, Current Mhz: 2010, Mhz Limit: 2301
Processor Information for processor 9
  Max Mhz: 2301, Current Mhz: 2301, Mhz Limit: 2301
Processor Information for processor 10
  Max Mhz: 2301, Current Mhz: 2301, Mhz Limit: 2301
Processor Information for processor 11
  Max Mhz: 2301, Current Mhz: 2010, Mhz Limit: 2301

Memory: 4k page, system-wide physical 15720M (1029M free)
TotalPageFile size 64872M (AvailPageFile size 0M)
current process WorkingSet (physical memory assigned to process): 9M, peak: 280M
current process commit charge ("private bytes"): 373M, peak: 387M

vm_info: OpenJDK 64-Bit Server VM (21.0.10+7-LTS) for windows-amd64 JRE (21.0.10+7-LTS), built on 2026-01-20T00:00:00Z by "admin" with MS VC++ 17.12 (VS2022)

END.
